2026-01-19T09:31:25.1843650Z Current runner version: '2.331.0'
2026-01-19T09:31:25.1863950Z ##[group]Runner Image Provisioner
2026-01-19T09:31:25.1864690Z Hosted Compute Agent
2026-01-19T09:31:25.1865180Z Version: 20260115.477
2026-01-19T09:31:25.1865690Z Commit: 4b342d620503cbe250a3154040964899ea7c9b00
2026-01-19T09:31:25.1866280Z Build Date: 2026-01-15T22:32:41Z
2026-01-19T09:31:25.1866830Z Worker ID: {51d26753-8bad-4b24-b606-2c94b792f864}
2026-01-19T09:31:25.1867390Z Azure Region: westus
2026-01-19T09:31:25.1868050Z ##[endgroup]
2026-01-19T09:31:25.1869340Z ##[group]Operating System
2026-01-19T09:31:25.1869830Z macOS
2026-01-19T09:31:25.1870250Z 15.7.3
2026-01-19T09:31:25.1870680Z 24G419
2026-01-19T09:31:25.1871120Z ##[endgroup]
2026-01-19T09:31:25.1871560Z ##[group]Runner Image
2026-01-19T09:31:25.1872040Z Image: macos-15-arm64
2026-01-19T09:31:25.1872540Z Version: 20260112.0107.1
2026-01-19T09:31:25.1873570Z Included Software: https://github.com/actions/runner-images/blob/macos-15-arm64/20260112.0107/images/macos/macos-15-arm64-Readme.md
2026-01-19T09:31:25.1874810Z Image Release: https://github.com/actions/runner-images/releases/tag/macos-15-arm64%2F20260112.0107
2026-01-19T09:31:25.1875580Z ##[endgroup]
2026-01-19T09:31:25.1876720Z ##[group]GITHUB_TOKEN Permissions
2026-01-19T09:31:25.1878830Z Contents: read
2026-01-19T09:31:25.1879300Z Metadata: read
2026-01-19T09:31:25.1879750Z Packages: read
2026-01-19T09:31:25.1880200Z ##[endgroup]
2026-01-19T09:31:25.1882200Z Secret source: Actions
2026-01-19T09:31:25.1882790Z Prepare workflow directory
2026-01-19T09:31:25.2252210Z Prepare all required actions
2026-01-19T09:31:25.2321010Z Getting action download info
2026-01-19T09:31:25.5333030Z Download action repository 'actions/checkout@v4' (SHA:34e114876b0b11c390a56381ad16ebd13914f8d5)
2026-01-19T09:31:27.3843810Z Download action repository 'maxim-lobanov/setup-xcode@v1' (SHA:60606e260d2fc5762a71e64e74b2174e8ea3c8bd)
2026-01-19T09:31:28.5360340Z Download action repository 'ruby/setup-ruby@v1.269.0' (SHA:d697be2f83c6234b20877c3b5eac7a7f342f0d0c)
2026-01-19T09:31:30.0582040Z Complete job name: build
2026-01-19T09:31:30.1328680Z ##[group]Run actions/checkout@v4
2026-01-19T09:31:30.1329460Z with:
2026-01-19T09:31:30.1330030Z   repository: GolubWork/IOS-Laughing-Drops
2026-01-19T09:31:30.1330960Z   token: ***
2026-01-19T09:31:30.1331470Z   ssh-strict: true
2026-01-19T09:31:30.1332140Z   ssh-user: git
2026-01-19T09:31:30.1332650Z   persist-credentials: true
2026-01-19T09:31:30.1333190Z   clean: true
2026-01-19T09:31:30.1333700Z   sparse-checkout-cone-mode: true
2026-01-19T09:31:30.1334250Z   fetch-depth: 1
2026-01-19T09:31:30.1334760Z   fetch-tags: false
2026-01-19T09:31:30.1335260Z   show-progress: true
2026-01-19T09:31:30.1335770Z   lfs: false
2026-01-19T09:31:30.1336270Z   submodules: false
2026-01-19T09:31:30.1336780Z   set-safe-directory: true
2026-01-19T09:31:30.1337470Z ##[endgroup]
2026-01-19T09:31:30.6681960Z Syncing repository: GolubWork/IOS-Laughing-Drops
2026-01-19T09:31:30.6689820Z ##[group]Getting Git version info
2026-01-19T09:31:30.6690720Z Working directory is '/Users/runner/work/IOS-Laughing-Drops/IOS-Laughing-Drops'
2026-01-19T09:31:30.6691850Z [command]/opt/homebrew/bin/git version
2026-01-19T09:31:30.7244240Z git version 2.52.0
2026-01-19T09:31:30.7304800Z ##[endgroup]
2026-01-19T09:31:30.7320540Z Copying '/Users/runner/.gitconfig' to '/Users/runner/work/_temp/62c7704e-1077-44fb-94e4-01a7f98cd37f/.gitconfig'
2026-01-19T09:31:30.7352700Z Temporarily overriding HOME='/Users/runner/work/_temp/62c7704e-1077-44fb-94e4-01a7f98cd37f' before making global git config changes
2026-01-19T09:31:30.7359140Z Adding repository directory to the temporary git global config as a safe directory
2026-01-19T09:31:30.7360530Z [command]/opt/homebrew/bin/git config --global --add safe.directory /Users/runner/work/IOS-Laughing-Drops/IOS-Laughing-Drops
2026-01-19T09:31:30.7697860Z Deleting the contents of '/Users/runner/work/IOS-Laughing-Drops/IOS-Laughing-Drops'
2026-01-19T09:31:30.7701550Z ##[group]Initializing the repository
2026-01-19T09:31:30.7704570Z [command]/opt/homebrew/bin/git init /Users/runner/work/IOS-Laughing-Drops/IOS-Laughing-Drops
2026-01-19T09:31:30.8031830Z hint: Using 'master' as the name for the initial branch. This default branch name
2026-01-19T09:31:30.8033040Z hint: will change to "main" in Git 3.0. To configure the initial branch name
2026-01-19T09:31:30.8033880Z hint: to use in all of your new repositories, which will suppress this warning,
2026-01-19T09:31:30.8034580Z hint: call:
2026-01-19T09:31:30.8035040Z hint:
2026-01-19T09:31:30.8035640Z hint: 	git config --global init.defaultBranch <name>
2026-01-19T09:31:30.8036240Z hint:
2026-01-19T09:31:30.8036830Z hint: Names commonly chosen instead of 'master' are 'main', 'trunk' and
2026-01-19T09:31:30.8037780Z hint: 'development'. The just-created branch can be renamed via this command:
2026-01-19T09:31:30.8038480Z hint:
2026-01-19T09:31:30.8038990Z hint: 	git branch -m <name>
2026-01-19T09:31:30.8039970Z hint:
2026-01-19T09:31:30.8040690Z hint: Disable this message with "git config set advice.defaultBranchName false"
2026-01-19T09:31:30.8046970Z Initialized empty Git repository in /Users/runner/work/IOS-Laughing-Drops/IOS-Laughing-Drops/.git/
2026-01-19T09:31:30.8092370Z [command]/opt/homebrew/bin/git remote add origin https://github.com/GolubWork/IOS-Laughing-Drops
2026-01-19T09:31:30.8240300Z ##[endgroup]
2026-01-19T09:31:30.8241380Z ##[group]Disabling automatic garbage collection
2026-01-19T09:31:30.8247360Z [command]/opt/homebrew/bin/git config --local gc.auto 0
2026-01-19T09:31:30.8384110Z ##[endgroup]
2026-01-19T09:31:30.8393340Z ##[group]Setting up auth
2026-01-19T09:31:30.8394760Z [command]/opt/homebrew/bin/git config --local --name-only --get-regexp core\.sshCommand
2026-01-19T09:31:30.8396960Z [command]/opt/homebrew/bin/git submodule foreach --recursive sh -c "git config --local --name-only --get-regexp 'core\.sshCommand' && git config --local --unset-all 'core.sshCommand' || :"
2026-01-19T09:31:30.9669730Z [command]/opt/homebrew/bin/git config --local --name-only --get-regexp http\.https\:\/\/github\.com\/\.extraheader
2026-01-19T09:31:30.9744430Z [command]/opt/homebrew/bin/git submodule foreach --recursive sh -c "git config --local --name-only --get-regexp 'http\.https\:\/\/github\.com\/\.extraheader' && git config --local --unset-all 'http.https://github.com/.extraheader' || :"
2026-01-19T09:31:31.0760380Z [command]/opt/homebrew/bin/git config --local --name-only --get-regexp ^includeIf\.gitdir:
2026-01-19T09:31:31.0847320Z [command]/opt/homebrew/bin/git submodule foreach --recursive git config --local --show-origin --name-only --get-regexp remote.origin.url
2026-01-19T09:31:31.1923090Z [command]/opt/homebrew/bin/git config --local http.https://github.com/.extraheader AUTHORIZATION: basic ***
2026-01-19T09:31:31.2040820Z ##[endgroup]
2026-01-19T09:31:31.2041620Z ##[group]Fetching the repository
2026-01-19T09:31:31.2045640Z [command]/opt/homebrew/bin/git -c protocol.version=2 fetch --no-tags --prune --no-recurse-submodules --depth=1 origin +ba4f104d2512990c34831c83a6761ba79f85434c:refs/remotes/origin/main
2026-01-19T09:31:33.1779740Z From https://github.com/GolubWork/IOS-Laughing-Drops
2026-01-19T09:31:33.1801720Z  * [new ref]         ba4f104d2512990c34831c83a6761ba79f85434c -> origin/main
2026-01-19T09:31:33.2013210Z ##[endgroup]
2026-01-19T09:31:33.2025630Z ##[group]Determining the checkout info
2026-01-19T09:31:33.2062210Z ##[endgroup]
2026-01-19T09:31:33.2148910Z [command]/opt/homebrew/bin/git sparse-checkout disable
2026-01-19T09:31:33.2347520Z [command]/opt/homebrew/bin/git config --local --unset-all extensions.worktreeConfig
2026-01-19T09:31:33.2587870Z ##[group]Checking out the ref
2026-01-19T09:31:33.2628920Z [command]/opt/homebrew/bin/git checkout --progress --force -B main refs/remotes/origin/main
2026-01-19T09:31:33.7095140Z Switched to a new branch 'main'
2026-01-19T09:31:33.7097740Z branch 'main' set up to track 'origin/main'.
2026-01-19T09:31:33.7117110Z ##[endgroup]
2026-01-19T09:31:33.7255830Z [command]/opt/homebrew/bin/git log -1 --format=%H
2026-01-19T09:31:33.7304370Z ba4f104d2512990c34831c83a6761ba79f85434c
2026-01-19T09:31:33.7473900Z ##[group]Run maxim-lobanov/setup-xcode@v1
2026-01-19T09:31:33.7474280Z with:
2026-01-19T09:31:33.7474500Z   xcode-version: 16.3.0
2026-01-19T09:31:33.7474750Z ##[endgroup]
2026-01-19T09:31:33.8386360Z Switching Xcode to version '16.3.0'...
2026-01-19T09:31:33.9193220Z Xcode is set to 16.3.0 (16E140)
2026-01-19T09:31:33.9370400Z ##[group]Run ruby/setup-ruby@v1.269.0
2026-01-19T09:31:33.9370700Z with:
2026-01-19T09:31:33.9371010Z   ruby-version: 3.3
2026-01-19T09:31:33.9371300Z   bundler-cache: true
2026-01-19T09:31:33.9371640Z env:
2026-01-19T09:31:33.9371830Z   MD_APPLE_SDK_ROOT: /Applications/Xcode_16.3.app
2026-01-19T09:31:33.9372110Z ##[endgroup]
2026-01-19T09:31:34.0757960Z ##[group]Modifying PATH
2026-01-19T09:31:34.0761050Z Entries removed from PATH to avoid conflicts with default Ruby:
2026-01-19T09:31:34.0763340Z   /opt/homebrew/lib/ruby/gems/3.3.0/bin
2026-01-19T09:31:34.0763970Z   /opt/homebrew/opt/ruby@3.3/bin
2026-01-19T09:31:34.0770390Z Entries added to PATH to use selected Ruby:
2026-01-19T09:31:34.0771920Z   /Users/runner/hostedtoolcache/Ruby/3.3.10/arm64/bin
2026-01-19T09:31:34.0777800Z ##[endgroup]
2026-01-19T09:31:34.0782750Z ##[group]Print Ruby version
2026-01-19T09:31:34.0851090Z [command]/Users/runner/hostedtoolcache/Ruby/3.3.10/arm64/bin/ruby --version
2026-01-19T09:31:34.1427720Z ruby 3.3.10 (2025-10-23 revision 343ea05002) [arm64-darwin23]
2026-01-19T09:31:34.1450600Z Took   0.07 seconds
2026-01-19T09:31:34.1451670Z ##[endgroup]
2026-01-19T09:31:34.1454840Z ##[group]Installing Bundler
2026-01-19T09:31:34.1467910Z Using Bundler shipped with ruby-3.3.10
2026-01-19T09:31:34.1474980Z Took   0.00 seconds
2026-01-19T09:31:34.1475780Z ##[endgroup]
2026-01-19T09:31:34.1476160Z > bundle install
2026-01-19T09:31:34.1509960Z [command]/Users/runner/hostedtoolcache/Ruby/3.3.10/arm64/bin/bundle config set --local path /Users/runner/work/IOS-Laughing-Drops/IOS-Laughing-Drops/vendor/bundle
2026-01-19T09:31:34.5876650Z [command]/Users/runner/hostedtoolcache/Ruby/3.3.10/arm64/bin/bundle lock
2026-01-19T09:31:34.9956830Z Fetching https://github.com/joshdholtz/fastlane-plugin-github_action
2026-01-19T09:31:41.3943420Z Fetching gem metadata from https://rubygems.org/........
2026-01-19T09:31:42.0322050Z Resolving dependencies...
2026-01-19T09:31:45.2076210Z Writing lockfile to /Users/runner/work/IOS-Laughing-Drops/IOS-Laughing-Drops/Gemfile.lock
2026-01-19T09:31:45.2396680Z ##[group]Print lockfile
2026-01-19T09:31:45.2427110Z [command]/bin/cat Gemfile.lock
2026-01-19T09:31:45.2504900Z GIT
2026-01-19T09:31:45.2505470Z   remote: https://github.com/joshdholtz/fastlane-plugin-github_action
2026-01-19T09:31:45.2506080Z   revision: 5cfdcb334fdf603409e94b09b6b10ab472f2ea35
2026-01-19T09:31:45.2506540Z   specs:
2026-01-19T09:31:45.2506940Z     fastlane-plugin-github_action (1.1.0)
2026-01-19T09:31:45.2507380Z       dotenv
2026-01-19T09:31:45.2507680Z       fastlane (>= 2.148.1)
2026-01-19T09:31:45.2508080Z       rbnacl
2026-01-19T09:31:45.2508430Z       sshkey
2026-01-19T09:31:45.2508930Z 
2026-01-19T09:31:45.2509150Z GEM
2026-01-19T09:31:45.2509440Z   remote: https://rubygems.org/
2026-01-19T09:31:45.2509830Z   specs:
2026-01-19T09:31:45.2510190Z     CFPropertyList (3.0.8)
2026-01-19T09:31:45.2510500Z     abbrev (0.1.2)
2026-01-19T09:31:45.2510870Z     activesupport (7.2.3)
2026-01-19T09:31:45.2511260Z       base64
2026-01-19T09:31:45.2511690Z       benchmark (>= 0.3)
2026-01-19T09:31:45.2512140Z       bigdecimal
2026-01-19T09:31:45.2514420Z       concurrent-ruby (~> 1.0, >= 1.3.1)
2026-01-19T09:31:45.2514870Z       connection_pool (>= 2.2.5)
2026-01-19T09:31:45.2515250Z       drb
2026-01-19T09:31:45.2515510Z       i18n (>= 1.6, < 2)
2026-01-19T09:31:45.2515910Z       logger (>= 1.4.2)
2026-01-19T09:31:45.2516290Z       minitest (>= 5.1)
2026-01-19T09:31:45.2516590Z       securerandom (>= 0.3)
2026-01-19T09:31:45.2517000Z       tzinfo (~> 2.0, >= 2.0.5)
2026-01-19T09:31:45.2517400Z     addressable (2.8.8)
2026-01-19T09:31:45.2517760Z       public_suffix (>= 2.0.2, < 8.0)
2026-01-19T09:31:45.2533880Z     algoliasearch (1.27.5)
2026-01-19T09:31:45.2534190Z       httpclient (~> 2.8, >= 2.8.3)
2026-01-19T09:31:45.2534600Z       json (>= 1.5.1)
2026-01-19T09:31:45.2534920Z     artifactory (3.0.17)
2026-01-19T09:31:45.2535180Z     atomos (0.1.3)
2026-01-19T09:31:45.2538890Z     aws-eventstream (1.4.0)
2026-01-19T09:31:45.2542280Z     aws-partitions (1.1206.0)
2026-01-19T09:31:45.2543050Z     aws-sdk-core (3.241.4)
2026-01-19T09:31:45.2555080Z       aws-eventstream (~> 1, >= 1.3.0)
2026-01-19T09:31:45.2557080Z       aws-partitions (~> 1, >= 1.992.0)
2026-01-19T09:31:45.2557860Z       aws-sigv4 (~> 1.9)
2026-01-19T09:31:45.2558560Z       base64
2026-01-19T09:31:45.2559230Z       bigdecimal
2026-01-19T09:31:45.2559800Z       jmespath (~> 1, >= 1.6.1)
2026-01-19T09:31:45.2560550Z       logger
2026-01-19T09:31:45.2561690Z     aws-sdk-kms (1.121.0)
2026-01-19T09:31:45.2562250Z       aws-sdk-core (~> 3, >= 3.241.4)
2026-01-19T09:31:45.2562670Z       aws-sigv4 (~> 1.5)
2026-01-19T09:31:45.2563040Z     aws-sdk-s3 (1.212.0)
2026-01-19T09:31:45.2563290Z       aws-sdk-core (~> 3, >= 3.241.4)
2026-01-19T09:31:45.2563680Z       aws-sdk-kms (~> 1)
2026-01-19T09:31:45.2564020Z       aws-sigv4 (~> 1.5)
2026-01-19T09:31:45.2564260Z     aws-sigv4 (1.12.1)
2026-01-19T09:31:45.2564610Z       aws-eventstream (~> 1, >= 1.0.2)
2026-01-19T09:31:45.2564990Z     babosa (1.0.4)
2026-01-19T09:31:45.2565230Z     base64 (0.2.0)
2026-01-19T09:31:45.2565560Z     benchmark (0.5.0)
2026-01-19T09:31:45.2565920Z     bigdecimal (4.0.1)
2026-01-19T09:31:45.2566180Z     claide (1.1.0)
2026-01-19T09:31:45.2566490Z     cocoapods (1.15.2)
2026-01-19T09:31:45.2566820Z       addressable (~> 2.8)
2026-01-19T09:31:45.2567080Z       claide (>= 1.0.2, < 2.0)
2026-01-19T09:31:45.2567440Z       cocoapods-core (= 1.15.2)
2026-01-19T09:31:45.2567850Z       cocoapods-deintegrate (>= 1.0.3, < 2.0)
2026-01-19T09:31:45.2568230Z       cocoapods-downloader (>= 2.1, < 3.0)
2026-01-19T09:31:45.2568760Z       cocoapods-plugins (>= 1.0.0, < 2.0)
2026-01-19T09:31:45.2569150Z       cocoapods-search (>= 1.0.0, < 2.0)
2026-01-19T09:31:45.2569450Z       cocoapods-trunk (>= 1.6.0, < 2.0)
2026-01-19T09:31:45.2569830Z       cocoapods-try (>= 1.1.0, < 2.0)
2026-01-19T09:31:45.2570160Z       colored2 (~> 3.1)
2026-01-19T09:31:45.2570410Z       escape (~> 0.0.4)
2026-01-19T09:31:45.2570740Z       fourflusher (>= 2.3.0, < 3.0)
2026-01-19T09:31:45.2571110Z       gh_inspector (~> 1.0)
2026-01-19T09:31:45.2571420Z       molinillo (~> 0.8.0)
2026-01-19T09:31:45.2571770Z       nap (~> 1.0)
2026-01-19T09:31:45.2572090Z       ruby-macho (>= 2.3.0, < 3.0)
2026-01-19T09:31:45.2572440Z       xcodeproj (>= 1.23.0, < 2.0)
2026-01-19T09:31:45.2572740Z     cocoapods-core (1.15.2)
2026-01-19T09:31:45.2573090Z       activesupport (>= 5.0, < 8)
2026-01-19T09:31:45.2573550Z       addressable (~> 2.8)
2026-01-19T09:31:45.2573910Z       algoliasearch (~> 1.0)
2026-01-19T09:31:45.2574170Z       concurrent-ruby (~> 1.1)
2026-01-19T09:31:45.2574550Z       fuzzy_match (~> 2.0.4)
2026-01-19T09:31:45.2574910Z       nap (~> 1.0)
2026-01-19T09:31:45.2575170Z       netrc (~> 0.11)
2026-01-19T09:31:45.2575520Z       public_suffix (~> 4.0)
2026-01-19T09:31:45.2575870Z       typhoeus (~> 1.0)
2026-01-19T09:31:45.2576160Z     cocoapods-deintegrate (1.0.5)
2026-01-19T09:31:45.2576570Z     cocoapods-downloader (2.1)
2026-01-19T09:31:45.2576950Z     cocoapods-plugins (1.0.0)
2026-01-19T09:31:45.2577240Z       nap
2026-01-19T09:31:45.2577580Z     cocoapods-search (1.0.1)
2026-01-19T09:31:45.2577950Z     cocoapods-trunk (1.6.0)
2026-01-19T09:31:45.2578250Z       nap (>= 0.8, < 2.0)
2026-01-19T09:31:45.2578600Z       netrc (~> 0.11)
2026-01-19T09:31:45.2578950Z     cocoapods-try (1.2.0)
2026-01-19T09:31:45.2579220Z     colored (1.2)
2026-01-19T09:31:45.2579550Z     colored2 (3.1.2)
2026-01-19T09:31:45.2579880Z     commander (4.6.0)
2026-01-19T09:31:45.2580120Z       highline (~> 2.0.0)
2026-01-19T09:31:45.2580470Z     concurrent-ruby (1.3.6)
2026-01-19T09:31:45.2580700Z     connection_pool (3.0.2)
2026-01-19T09:31:45.2581560Z     csv (3.3.5)
2026-01-19T09:31:45.2581820Z     declarative (0.0.20)
2026-01-19T09:31:45.2582020Z     digest-crc (0.7.0)
2026-01-19T09:31:45.2582220Z       rake (>= 12.0.0, < 14.0.0)
2026-01-19T09:31:45.2582430Z     domain_name (0.6.20240107)
2026-01-19T09:31:45.2582640Z     dotenv (2.8.1)
2026-01-19T09:31:45.2583080Z     drb (2.2.3)
2026-01-19T09:31:45.2583270Z     emoji_regex (3.2.3)
2026-01-19T09:31:45.2583720Z     escape (0.0.4)
2026-01-19T09:31:45.2624570Z     ethon (0.15.0)
2026-01-19T09:31:45.2625800Z       ffi (>= 1.15.0)
2026-01-19T09:31:45.2626590Z     excon (0.112.0)
2026-01-19T09:31:45.2627170Z     faraday (1.10.4)
2026-01-19T09:31:45.2627890Z       faraday-em_http (~> 1.0)
2026-01-19T09:31:45.2639270Z       faraday-em_synchrony (~> 1.0)
2026-01-19T09:31:45.2640080Z       faraday-excon (~> 1.1)
2026-01-19T09:31:45.2640870Z       faraday-httpclient (~> 1.0)
2026-01-19T09:31:45.2641440Z       faraday-multipart (~> 1.0)
2026-01-19T09:31:45.2642550Z       faraday-net_http (~> 1.0)
2026-01-19T09:31:45.2643400Z       faraday-net_http_persistent (~> 1.0)
2026-01-19T09:31:45.2644260Z       faraday-patron (~> 1.0)
2026-01-19T09:31:45.2644910Z       faraday-rack (~> 1.0)
2026-01-19T09:31:45.2645680Z       faraday-retry (~> 1.0)
2026-01-19T09:31:45.2646400Z       ruby2_keywords (>= 0.0.4)
2026-01-19T09:31:45.2647270Z     faraday-cookie_jar (0.0.8)
2026-01-19T09:31:45.2648080Z       faraday (>= 0.8.0)
2026-01-19T09:31:45.2649130Z       http-cookie (>= 1.0.0)
2026-01-19T09:31:45.2649820Z     faraday-em_http (1.0.0)
2026-01-19T09:31:45.2650620Z     faraday-em_synchrony (1.0.1)
2026-01-19T09:31:45.2651320Z     faraday-excon (1.1.0)
2026-01-19T09:31:45.2652050Z     faraday-httpclient (1.0.1)
2026-01-19T09:31:45.2652690Z     faraday-multipart (1.2.0)
2026-01-19T09:31:45.2653360Z       multipart-post (~> 2.0)
2026-01-19T09:31:45.2654150Z     faraday-net_http (1.0.2)
2026-01-19T09:31:45.2655230Z     faraday-net_http_persistent (1.2.0)
2026-01-19T09:31:45.2655960Z     faraday-patron (1.0.0)
2026-01-19T09:31:45.2656780Z     faraday-rack (1.0.0)
2026-01-19T09:31:45.2657270Z     faraday-retry (1.0.3)
2026-01-19T09:31:45.2657860Z     faraday_middleware (1.2.1)
2026-01-19T09:31:45.2658670Z       faraday (~> 1.0)
2026-01-19T09:31:45.2659370Z     fastimage (2.4.0)
2026-01-19T09:31:45.2659940Z     fastlane (2.231.0)
2026-01-19T09:31:45.2660700Z       CFPropertyList (>= 2.3, < 4.0.0)
2026-01-19T09:31:45.2661480Z       abbrev (~> 0.1.2)
2026-01-19T09:31:45.2662060Z       addressable (>= 2.8, < 3.0.0)
2026-01-19T09:31:45.2662600Z       artifactory (~> 3.0)
2026-01-19T09:31:45.2663120Z       aws-sdk-s3 (~> 1.0)
2026-01-19T09:31:45.2663640Z       babosa (>= 1.0.3, < 2.0.0)
2026-01-19T09:31:45.2664160Z       base64 (~> 0.2.0)
2026-01-19T09:31:45.2667720Z       bundler (>= 1.17.3, < 5.0.0)
2026-01-19T09:31:45.2668180Z       colored (~> 1.2)
2026-01-19T09:31:45.2668460Z       commander (~> 4.6)
2026-01-19T09:31:45.2668640Z       csv (~> 3.3)
2026-01-19T09:31:45.2668800Z       dotenv (>= 2.1.1, < 3.0.0)
2026-01-19T09:31:45.2669120Z       emoji_regex (>= 0.1, < 4.0)
2026-01-19T09:31:45.2669460Z       excon (>= 0.71.0, < 1.0.0)
2026-01-19T09:31:45.2669800Z       faraday (~> 1.0)
2026-01-19T09:31:45.2670120Z       faraday-cookie_jar (~> 0.0.6)
2026-01-19T09:31:45.2670430Z       faraday_middleware (~> 1.0)
2026-01-19T09:31:45.2670640Z       fastimage (>= 2.1.0, < 3.0.0)
2026-01-19T09:31:45.2670870Z       fastlane-sirp (>= 1.0.0)
2026-01-19T09:31:45.2671150Z       gh_inspector (>= 1.1.2, < 2.0.0)
2026-01-19T09:31:45.2671520Z       google-apis-androidpublisher_v3 (~> 0.3)
2026-01-19T09:31:45.2671780Z       google-apis-playcustomapp_v1 (~> 0.1)
2026-01-19T09:31:45.2672030Z       google-cloud-env (>= 1.6.0, < 2.0.0)
2026-01-19T09:31:45.2672260Z       google-cloud-storage (~> 1.31)
2026-01-19T09:31:45.2672530Z       highline (~> 2.0)
2026-01-19T09:31:45.2672750Z       http-cookie (~> 1.0.5)
2026-01-19T09:31:45.2672930Z       json (< 3.0.0)
2026-01-19T09:31:45.2673180Z       jwt (>= 2.1.0, < 3)
2026-01-19T09:31:45.2674080Z       logger (>= 1.6, < 2.0)
2026-01-19T09:31:45.2674310Z       mini_magick (>= 4.9.4, < 5.0.0)
2026-01-19T09:31:45.2675060Z       multipart-post (>= 2.0.0, < 3.0.0)
2026-01-19T09:31:45.2675910Z       mutex_m (~> 0.3.0)
2026-01-19T09:31:45.2676480Z       naturally (~> 2.2)
2026-01-19T09:31:45.2677100Z       nkf (~> 0.2.0)
2026-01-19T09:31:45.2678880Z       optparse (>= 0.1.1, < 1.0.0)
2026-01-19T09:31:45.2679520Z       plist (>= 3.1.0, < 4.0.0)
2026-01-19T09:31:45.2680190Z       rubyzip (>= 2.0.0, < 3.0.0)
2026-01-19T09:31:45.2680910Z       security (= 0.1.5)
2026-01-19T09:31:45.2681460Z       simctl (~> 1.6.3)
2026-01-19T09:31:45.2682100Z       terminal-notifier (>= 2.0.0, < 3.0.0)
2026-01-19T09:31:45.2682850Z       terminal-table (~> 3)
2026-01-19T09:31:45.2683480Z       tty-screen (>= 0.6.3, < 1.0.0)
2026-01-19T09:31:45.2684230Z       tty-spinner (>= 0.8.0, < 1.0.0)
2026-01-19T09:31:45.2685000Z       word_wrap (~> 1.0.0)
2026-01-19T09:31:45.2685560Z       xcodeproj (>= 1.13.0, < 2.0.0)
2026-01-19T09:31:45.2686170Z       xcpretty (~> 0.4.1)
2026-01-19T09:31:45.2686980Z       xcpretty-travis-formatter (>= 0.0.3, < 2.0.0)
2026-01-19T09:31:45.2687610Z     fastlane-sirp (1.0.0)
2026-01-19T09:31:45.2688250Z       sysrandom (~> 1.0)
2026-01-19T09:31:45.2690120Z     ffi (1.17.3)
2026-01-19T09:31:45.2690830Z     ffi (1.17.3-aarch64-linux-gnu)
2026-01-19T09:31:45.2691510Z     ffi (1.17.3-aarch64-linux-musl)
2026-01-19T09:31:45.2692260Z     ffi (1.17.3-arm-linux-gnu)
2026-01-19T09:31:45.2693360Z     ffi (1.17.3-arm-linux-musl)
2026-01-19T09:31:45.2694000Z     ffi (1.17.3-arm64-darwin)
2026-01-19T09:31:45.2694670Z     ffi (1.17.3-x86-linux-gnu)
2026-01-19T09:31:45.2696100Z     ffi (1.17.3-x86-linux-musl)
2026-01-19T09:31:45.2696800Z     ffi (1.17.3-x86_64-darwin)
2026-01-19T09:31:45.2721190Z     ffi (1.17.3-x86_64-linux-gnu)
2026-01-19T09:31:45.2721880Z     ffi (1.17.3-x86_64-linux-musl)
2026-01-19T09:31:45.2722510Z     fourflusher (2.3.1)
2026-01-19T09:31:45.2723070Z     fuzzy_match (2.0.4)
2026-01-19T09:31:45.2723770Z     gh_inspector (1.1.3)
2026-01-19T09:31:45.2724960Z     google-apis-androidpublisher_v3 (0.54.0)
2026-01-19T09:31:45.2725300Z       google-apis-core (>= 0.11.0, < 2.a)
2026-01-19T09:31:45.2725540Z     google-apis-core (0.11.3)
2026-01-19T09:31:45.2725740Z       addressable (~> 2.5, >= 2.5.1)
2026-01-19T09:31:45.2726020Z       googleauth (>= 0.16.2, < 2.a)
2026-01-19T09:31:45.2726390Z       httpclient (>= 2.8.1, < 3.a)
2026-01-19T09:31:45.2726670Z       mini_mime (~> 1.0)
2026-01-19T09:31:45.2726910Z       representable (~> 3.0)
2026-01-19T09:31:45.2727170Z       retriable (>= 2.0, < 4.a)
2026-01-19T09:31:45.2727350Z       rexml
2026-01-19T09:31:45.2731600Z     google-apis-iamcredentials_v1 (0.17.0)
2026-01-19T09:31:45.2732250Z       google-apis-core (>= 0.11.0, < 2.a)
2026-01-19T09:31:45.2732870Z     google-apis-playcustomapp_v1 (0.13.0)
2026-01-19T09:31:45.2733480Z       google-apis-core (>= 0.11.0, < 2.a)
2026-01-19T09:31:45.2734080Z     google-apis-storage_v1 (0.31.0)
2026-01-19T09:31:45.2734690Z       google-apis-core (>= 0.11.0, < 2.a)
2026-01-19T09:31:45.2735300Z     google-cloud-core (1.8.0)
2026-01-19T09:31:45.2735840Z       google-cloud-env (>= 1.0, < 3.a)
2026-01-19T09:31:45.2736430Z       google-cloud-errors (~> 1.0)
2026-01-19T09:31:45.2736980Z     google-cloud-env (1.6.0)
2026-01-19T09:31:45.2737490Z       faraday (>= 0.17.3, < 3.0)
2026-01-19T09:31:45.2738410Z     google-cloud-errors (1.5.0)
2026-01-19T09:31:45.2738720Z     google-cloud-storage (1.47.0)
2026-01-19T09:31:45.2738930Z       addressable (~> 2.8)
2026-01-19T09:31:45.2739120Z       digest-crc (~> 0.4)
2026-01-19T09:31:45.2739330Z       google-apis-iamcredentials_v1 (~> 0.1)
2026-01-19T09:31:45.2739580Z       google-apis-storage_v1 (~> 0.31.0)
2026-01-19T09:31:45.2739800Z       google-cloud-core (~> 1.6)
2026-01-19T09:31:45.2740000Z       googleauth (>= 0.16.2, < 2.a)
2026-01-19T09:31:45.2740210Z       mini_mime (~> 1.0)
2026-01-19T09:31:45.2740380Z     googleauth (1.8.1)
2026-01-19T09:31:45.2740560Z       faraday (>= 0.17.3, < 3.a)
2026-01-19T09:31:45.2741260Z       jwt (>= 1.4, < 3.0)
2026-01-19T09:31:45.2741440Z       multi_json (~> 1.11)
2026-01-19T09:31:45.2741750Z       os (>= 0.9, < 2.0)
2026-01-19T09:31:45.2741920Z       signet (>= 0.16, < 2.a)
2026-01-19T09:31:45.2742100Z     highline (2.0.3)
2026-01-19T09:31:45.2742270Z     http-cookie (1.0.8)
2026-01-19T09:31:45.2742780Z       domain_name (~> 0.5)
2026-01-19T09:31:45.2742970Z     httpclient (2.9.0)
2026-01-19T09:31:45.2743130Z       mutex_m
2026-01-19T09:31:45.2743270Z     i18n (1.14.8)
2026-01-19T09:31:45.2743430Z       concurrent-ruby (~> 1.0)
2026-01-19T09:31:45.2743620Z     jmespath (1.6.2)
2026-01-19T09:31:45.2743780Z     json (2.18.0)
2026-01-19T09:31:45.2743920Z     jwt (2.10.2)
2026-01-19T09:31:45.2744060Z       base64
2026-01-19T09:31:45.2744200Z     logger (1.7.0)
2026-01-19T09:31:45.2744370Z     mini_magick (4.13.2)
2026-01-19T09:31:45.2744540Z     mini_mime (1.1.5)
2026-01-19T09:31:45.2744700Z     minitest (6.0.1)
2026-01-19T09:31:45.2744860Z       prism (~> 1.5)
2026-01-19T09:31:45.2745020Z     molinillo (0.8.0)
2026-01-19T09:31:45.2745180Z     multi_json (1.19.1)
2026-01-19T09:31:45.2745360Z     multipart-post (2.4.1)
2026-01-19T09:31:45.2745530Z     mutex_m (0.3.0)
2026-01-19T09:31:45.2745710Z     nanaimo (0.4.0)
2026-01-19T09:31:45.2745860Z     nap (1.1.0)
2026-01-19T09:31:45.2746010Z     naturally (2.3.0)
2026-01-19T09:31:45.2746170Z     netrc (0.11.0)
2026-01-19T09:31:45.2746320Z     nkf (0.2.0)
2026-01-19T09:31:45.2746460Z     optparse (0.8.1)
2026-01-19T09:31:45.2746630Z     os (1.1.4)
2026-01-19T09:31:45.2746780Z     plist (3.7.2)
2026-01-19T09:31:45.2746920Z     prism (1.8.0)
2026-01-19T09:31:45.2747080Z     public_suffix (4.0.7)
2026-01-19T09:31:45.2747240Z     rake (13.3.1)
2026-01-19T09:31:45.2747390Z     rbnacl (7.1.2)
2026-01-19T09:31:45.2747540Z       ffi (~> 1)
2026-01-19T09:31:45.2747690Z     representable (3.2.0)
2026-01-19T09:31:45.2747870Z       declarative (< 0.1.0)
2026-01-19T09:31:45.2748080Z       trailblazer-option (>= 0.1.1, < 0.2.0)
2026-01-19T09:31:45.2748300Z       uber (< 0.2.0)
2026-01-19T09:31:45.2748460Z     retriable (3.1.2)
2026-01-19T09:31:45.2748620Z     rexml (3.4.4)
2026-01-19T09:31:45.2748770Z     rouge (3.28.0)
2026-01-19T09:31:45.2748930Z     ruby-macho (2.5.1)
2026-01-19T09:31:45.2749090Z     ruby2_keywords (0.0.5)
2026-01-19T09:31:45.2749260Z     rubyzip (2.4.1)
2026-01-19T09:31:45.2749420Z     securerandom (0.4.1)
2026-01-19T09:31:45.2749590Z     security (0.1.5)
2026-01-19T09:31:45.2749750Z     signet (0.21.0)
2026-01-19T09:31:45.2749910Z       addressable (~> 2.8)
2026-01-19T09:31:45.2750090Z       faraday (>= 0.17.5, < 3.a)
2026-01-19T09:31:45.2750270Z       jwt (>= 1.5, < 4.0)
2026-01-19T09:31:45.2750440Z       multi_json (~> 1.10)
2026-01-19T09:31:45.2750610Z     simctl (1.6.10)
2026-01-19T09:31:45.2750770Z       CFPropertyList
2026-01-19T09:31:45.2750920Z       naturally
2026-01-19T09:31:45.2751070Z     sshkey (3.0.0)
2026-01-19T09:31:45.2751220Z     sysrandom (1.0.5)
2026-01-19T09:31:45.2751390Z     terminal-notifier (2.0.0)
2026-01-19T09:31:45.2751590Z     terminal-table (3.0.2)
2026-01-19T09:31:45.2751780Z       unicode-display_width (>= 1.1.1, < 3)
2026-01-19T09:31:45.2752010Z     trailblazer-option (0.1.2)
2026-01-19T09:31:45.2752200Z     tty-cursor (0.7.1)
2026-01-19T09:31:45.2752360Z     tty-screen (0.8.2)
2026-01-19T09:31:45.2752530Z     tty-spinner (0.9.3)
2026-01-19T09:31:45.2752700Z       tty-cursor (~> 0.7)
2026-01-19T09:31:45.2752870Z     typhoeus (1.5.0)
2026-01-19T09:31:45.2753040Z       ethon (>= 0.9.0, < 0.16.0)
2026-01-19T09:31:45.2753220Z     tzinfo (2.0.6)
2026-01-19T09:31:45.2753380Z       concurrent-ruby (~> 1.0)
2026-01-19T09:31:45.2753560Z     uber (0.1.0)
2026-01-19T09:31:45.2753720Z     unicode-display_width (2.6.0)
2026-01-19T09:31:45.2753920Z     word_wrap (1.0.0)
2026-01-19T09:31:45.2754090Z     xcode-install (2.8.1)
2026-01-19T09:31:45.2754260Z       claide (>= 0.9.1)
2026-01-19T09:31:45.2754430Z       fastlane (>= 2.1.0, < 3.0.0)
2026-01-19T09:31:45.2754620Z     xcodeproj (1.27.0)
2026-01-19T09:31:45.2755010Z       CFPropertyList (>= 2.3.3, < 4.0)
2026-01-19T09:31:45.2755210Z       atomos (~> 0.1.3)
2026-01-19T09:31:45.2755380Z       claide (>= 1.0.2, < 2.0)
2026-01-19T09:31:45.2755560Z       colored2 (~> 3.1)
2026-01-19T09:31:45.2755720Z       nanaimo (~> 0.4.0)
2026-01-19T09:31:45.2755890Z       rexml (>= 3.3.6, < 4.0)
2026-01-19T09:31:45.2756280Z     xcpretty (0.4.1)
2026-01-19T09:31:45.2756450Z       rouge (~> 3.28.0)
2026-01-19T09:31:45.2756630Z     xcpretty-travis-formatter (1.0.1)
2026-01-19T09:31:45.2756850Z       xcpretty (~> 0.2, >= 0.0.7)
2026-01-19T09:31:45.2756980Z 
2026-01-19T09:31:45.2757060Z PLATFORMS
2026-01-19T09:31:45.2757210Z   aarch64-linux-gnu
2026-01-19T09:31:45.2757370Z   aarch64-linux-musl
2026-01-19T09:31:45.2757530Z   arm-linux-gnu
2026-01-19T09:31:45.2757680Z   arm-linux-musl
2026-01-19T09:31:45.2757830Z   arm64-darwin
2026-01-19T09:31:45.2757960Z   ruby
2026-01-19T09:31:45.2758100Z   x86-linux-gnu
2026-01-19T09:31:45.2758250Z   x86-linux-musl
2026-01-19T09:31:45.2758700Z   x86_64-darwin
2026-01-19T09:31:45.2759200Z   x86_64-linux-gnu
2026-01-19T09:31:45.2759390Z   x86_64-linux-musl
2026-01-19T09:31:45.2759500Z 
2026-01-19T09:31:45.2759570Z DEPENDENCIES
2026-01-19T09:31:45.2767570Z   cocoapods (~> 1.15.2)
2026-01-19T09:31:45.2767810Z   fastlane
2026-01-19T09:31:45.2767990Z   fastlane-plugin-github_action!
2026-01-19T09:31:45.2768200Z   xcode-install
2026-01-19T09:31:45.2768310Z 
2026-01-19T09:31:45.2768360Z BUNDLED WITH
2026-01-19T09:31:45.2768510Z    2.5.22
2026-01-19T09:31:45.2768950Z ##[endgroup]
2026-01-19T09:31:45.2769780Z Cache key: setup-ruby-bundler-cache-v6-macos-15-arm64-ruby-3.3.10-wd-/Users/runner/work/IOS-Laughing-Drops/IOS-Laughing-Drops-with--without--only--Gemfile.lock-534837dd6160e1e1a4d47ea5b8688306b591fece7714804de751a1f7fbae245c
2026-01-19T09:31:45.4549530Z Cache hit for: setup-ruby-bundler-cache-v6-macos-15-arm64-ruby-3.3.10-wd-/Users/runner/work/IOS-Laughing-Drops/IOS-Laughing-Drops-with--without--only--Gemfile.lock-534837dd6160e1e1a4d47ea5b8688306b591fece7714804de751a1f7fbae245c
2026-01-19T09:31:45.9347090Z Received 21711699 of 21711699 (100.0%), 52.6 MBs/sec
2026-01-19T09:31:45.9376030Z Cache Size: ~21 MB (21711699 B)
2026-01-19T09:31:45.9503490Z [command]/opt/homebrew/bin/gtar -xf /Users/runner/work/_temp/43a8556e-4e79-4e2d-b034-2f553e26a55d/cache.tzst -P -C /Users/runner/work/IOS-Laughing-Drops/IOS-Laughing-Drops --delay-directory-restore --use-compress-program unzstd
2026-01-19T09:31:47.2766630Z Cache restored successfully
2026-01-19T09:31:47.2775530Z Found cache for key: setup-ruby-bundler-cache-v6-macos-15-arm64-ruby-3.3.10-wd-/Users/runner/work/IOS-Laughing-Drops/IOS-Laughing-Drops-with--without--only--Gemfile.lock-495e324823078ef4bb2222a2895147cfe7843611a633025834a209c134a83dd1
2026-01-19T09:31:47.2828830Z [command]/Users/runner/hostedtoolcache/Ruby/3.3.10/arm64/bin/bundle install --jobs 3
2026-01-19T09:31:51.9560450Z Fetching gem metadata from https://rubygems.org/.......
2026-01-19T09:31:51.9923800Z Fetching aws-partitions 1.1206.0
2026-01-19T09:31:52.2041250Z Installing aws-partitions 1.1206.0
2026-01-19T09:31:52.2195510Z Fetching aws-sdk-core 3.241.4
2026-01-19T09:31:52.2424530Z Installing aws-sdk-core 3.241.4
2026-01-19T09:31:52.4535860Z Fetching aws-sdk-kms 1.121.0
2026-01-19T09:31:52.4629090Z Installing aws-sdk-kms 1.121.0
2026-01-19T09:31:52.4704620Z Fetching aws-sdk-s3 1.212.0
2026-01-19T09:31:52.4917270Z Installing aws-sdk-s3 1.212.0
2026-01-19T09:31:52.5820880Z Fetching fastlane 2.231.0
2026-01-19T09:31:52.6295650Z Installing fastlane 2.231.0
2026-01-19T09:31:53.3223640Z Bundle complete! 4 Gemfile dependencies, 128 gems now installed.
2026-01-19T09:31:53.3224840Z Bundled gems are installed into `./vendor/bundle`
2026-01-19T09:31:53.4166600Z [command]/Users/runner/hostedtoolcache/Ruby/3.3.10/arm64/bin/bundle clean
2026-01-19T09:31:53.6290110Z Removing aws-partitions (1.1205.0)
2026-01-19T09:31:53.6379000Z Removing aws-sdk-core (3.241.3)
2026-01-19T09:31:53.6642420Z Removing aws-sdk-kms (1.120.0)
2026-01-19T09:31:53.6701940Z Removing aws-sdk-s3 (1.211.0)
2026-01-19T09:31:53.6710710Z Removing fastlane (2.230.0)
2026-01-19T09:31:53.7291150Z Saving cache
2026-01-19T09:31:53.7656710Z [command]/opt/homebrew/bin/gtar --posix -cf cache.tzst --exclude cache.tzst -P -C /Users/runner/work/IOS-Laughing-Drops/IOS-Laughing-Drops --files-from manifest.txt --delay-directory-restore --use-compress-program zstdmt
2026-01-19T09:31:55.7467550Z Sent 21724746 of 21724746 (100.0%), 37.6 MBs/sec
2026-01-19T09:31:55.8488520Z Took  21.70 seconds
2026-01-19T09:31:55.8801560Z ##[group]Run echo -n "NikDyr:${GH_PAT}" | base64 > base64.txt
2026-01-19T09:31:55.8802170Z [36;1mecho -n "NikDyr:${GH_PAT}" | base64 > base64.txt[0m
2026-01-19T09:31:55.8802670Z [36;1mecho "MATCH_GIT_BASIC_AUTHORIZATION=$(cat base64.txt)" >> $GITHUB_ENV[0m
2026-01-19T09:31:55.9289760Z shell: /bin/bash -e {0}
2026-01-19T09:31:55.9290140Z env:
2026-01-19T09:31:55.9290460Z   MD_APPLE_SDK_ROOT: /Applications/Xcode_16.3.app
2026-01-19T09:31:55.9292020Z   PATH: /Users/runner/.local/bin:/opt/homebrew/bin:/opt/homebrew/sbin:/Users/runner/.cargo/bin:/usr/local/opt/curl/bin:/usr/local/bin:/usr/local/sbin:/Users/runner/bin:/Users/runner/.yarn/bin:/Users/runner/Library/Android/sdk/tools:/Users/runner/Library/Android/sdk/platform-tools:/Library/Frameworks/Python.framework/Versions/Current/bin:/Library/Frameworks/Mono.framework/Versions/Current/Commands:/usr/bin:/bin:/usr/sbin:/sbin:/Users/runner/.dotnet/tools
2026-01-19T09:31:55.9294550Z   GH_PAT: ***
2026-01-19T09:31:55.9294970Z ##[endgroup]
2026-01-19T09:31:56.0360010Z ##[group]Run bundle exec fastlane ios build_upload_testflight
2026-01-19T09:31:56.0360640Z [36;1mbundle exec fastlane ios build_upload_testflight[0m
2026-01-19T09:31:56.0394130Z shell: /bin/bash -e {0}
2026-01-19T09:31:56.0394430Z env:
2026-01-19T09:31:56.0394870Z   MD_APPLE_SDK_ROOT: /Applications/Xcode_16.3.app
2026-01-19T09:31:56.0396730Z   PATH: /Users/runner/.local/bin:/opt/homebrew/bin:/opt/homebrew/sbin:/Users/runner/.cargo/bin:/usr/local/opt/curl/bin:/usr/local/bin:/usr/local/sbin:/Users/runner/bin:/Users/runner/.yarn/bin:/Users/runner/Library/Android/sdk/tools:/Users/runner/Library/Android/sdk/platform-tools:/Library/Frameworks/Python.framework/Versions/Current/bin:/Library/Frameworks/Mono.framework/Versions/Current/Commands:/usr/bin:/bin:/usr/sbin:/sbin:/Users/runner/.dotnet/tools
2026-01-19T09:31:56.0398800Z   MATCH_GIT_BASIC_AUTHORIZATION: TmlrRHlyOmdo***
2026-01-19T09:31:56.0399310Z   ASC_KEY_ID: ***
2026-01-19T09:31:56.0399640Z   ASC_ISSUER_ID: ***
2026-01-19T09:31:56.0400990Z   ASC_KEY: ***
2026-01-19T09:31:56.0401360Z   MATCH_PASSWORD: ***
2026-01-19T09:31:56.0401700Z   TEAM_ID: 9C2WB6M3U5
2026-01-19T09:31:56.0402080Z   BUNDLE_IDENTIFIER: com.med.laughingdrops
2026-01-19T09:31:56.0402650Z   MATCH_GIT_URL: https://github.com/GolubWork/IOS-Laughing-Drops-Certificates
2026-01-19T09:31:56.0403120Z   LAST_UPLOADED_BUILD_NUMBER: 2
2026-01-19T09:31:56.0403560Z   XC_TARGET_NAME: LaughingDrops
2026-01-19T09:31:56.0403930Z ##[endgroup]
2026-01-19T09:31:57.5379870Z +---------------------------------------------------------+
2026-01-19T09:31:57.5385000Z |                      [32mUsed plugins[0m                       |
2026-01-19T09:31:57.5386490Z +-------------------------------+---------+---------------+
2026-01-19T09:31:57.5387690Z | Plugin                        | Version | Action        |
2026-01-19T09:31:57.5389020Z +-------------------------------+---------+---------------+
2026-01-19T09:31:57.5391050Z | fastlane-plugin-github_action | 1.1.0   | github_action |
2026-01-19T09:31:57.5392540Z +-------------------------------+---------+---------------+
2026-01-19T09:31:57.5393670Z 
2026-01-19T09:31:57.8925430Z [09:31:57]: Sending anonymous analytics information
2026-01-19T09:31:57.8927210Z [09:31:57]: Learn more at https://docs.fastlane.tools/#metrics
2026-01-19T09:31:57.8928790Z [09:31:57]: No personal or sensitive data is sent.
2026-01-19T09:31:57.8930180Z [09:31:57]: You can disable this by adding `opt_out_usage` at the top of your Fastfile
2026-01-19T09:31:57.9100810Z [09:31:57]: [32m------------------------------[0m
2026-01-19T09:31:57.9103740Z [09:31:57]: [32m--- Step: default_platform ---[0m
2026-01-19T09:31:57.9105050Z [09:31:57]: [32m------------------------------[0m
2026-01-19T09:31:57.9106730Z [09:31:57]: [32mDriving the lane 'ios build_upload_testflight' ðŸš€[0m
2026-01-19T09:31:57.9108650Z [09:31:57]: [32m------------------------------------[0m
2026-01-19T09:31:57.9110110Z [09:31:57]: [32m--- Step: increment_build_number ---[0m
2026-01-19T09:31:57.9111610Z [09:31:57]: [32m------------------------------------[0m
2026-01-19T09:32:01.5331600Z Current version of project LaughingDrops is: 
2026-01-19T09:32:01.5333620Z     1
2026-01-19T09:32:01.5333990Z 
2026-01-19T09:32:01.5334400Z /Users/runner/work/IOS-Laughing-Drops/IOS-Laughing-Drops
2026-01-19T09:32:01.5358720Z [09:32:01]: [36m$ cd /Users/runner/work/IOS-Laughing-Drops/IOS-Laughing-Drops && agvtool new-version -all 1.0.3 && cd -[0m
2026-01-19T09:32:01.6290050Z [09:32:01]: â–¸ [35mSetting version of project LaughingDrops to:[0m
2026-01-19T09:32:01.6291740Z [09:32:01]: â–¸ [35m1.0.3.[0m
2026-01-19T09:32:01.6403440Z [09:32:01]: â–¸ [35mAlso setting CFBundleVersion key (assuming it exists)[0m
2026-01-19T09:32:01.6686880Z [09:32:01]: â–¸ [35mUpdating CFBundleVersion in Info.plist(s)...[0m
2026-01-19T09:32:01.7099470Z [09:32:01]: â–¸ [35mUpdated CFBundleVersion in "LaughingDrops.xcodeproj/../notifications/Info.plist" to 1.0.3[0m
2026-01-19T09:32:01.7166680Z [09:32:01]: â–¸ [35mCannot find "LaughingDrops.xcodeproj/../YES"[0m
2026-01-19T09:32:01.7168380Z [09:32:01]: â–¸ [35m/Users/runner/work/IOS-Laughing-Drops/IOS-Laughing-Drops[0m
2026-01-19T09:32:01.7235910Z [09:32:01]: [32m-------------------------------------------------[0m
2026-01-19T09:32:01.7236730Z [09:32:01]: [32m--- Step: Switch to ios load_asc_api_key lane ---[0m
2026-01-19T09:32:01.7237340Z [09:32:01]: [32m-------------------------------------------------[0m
2026-01-19T09:32:01.7237980Z [09:32:01]: Cruising over to lane 'ios load_asc_api_key' ðŸš–
2026-01-19T09:32:01.7240860Z [09:32:01]: [32m---------------------------------------[0m
2026-01-19T09:32:01.7241450Z [09:32:01]: [32m--- Step: app_store_connect_api_key ---[0m
2026-01-19T09:32:01.7242040Z [09:32:01]: [32m---------------------------------------[0m
2026-01-19T09:32:01.7304600Z [09:32:01]: Cruising back to lane 'ios build_upload_testflight' ðŸš˜
2026-01-19T09:32:01.7306870Z [09:32:01]: [32m----------------------[0m
2026-01-19T09:32:01.7307460Z [09:32:01]: [32m--- Step: setup_ci ---[0m
2026-01-19T09:32:01.7309140Z [09:32:01]: [32m----------------------[0m
2026-01-19T09:32:01.7309800Z [09:32:01]: Creating temporary keychain: "fastlane_tmp_keychain".
2026-01-19T09:32:01.8688400Z [09:32:01]: [36m$ security list-keychains -d user[0m
2026-01-19T09:32:01.8863140Z [09:32:01]: â–¸ [35m"/Users/runner/Library/Keychains/fastlane_tmp_keychain-db"[0m
2026-01-19T09:32:01.8871020Z [09:32:01]: [33mFound keychain '/Users/runner/Library/Keychains/fastlane_tmp_keychain-db' in list-keychains, adding to search list skipped[0m
2026-01-19T09:32:01.8872330Z [09:32:01]: Enabling match readonly mode.
2026-01-19T09:32:02.0189010Z INFO [2026-01-19 09:32:02.01]: [32m-------------------[0m
2026-01-19T09:32:02.0190190Z INFO [2026-01-19 09:32:02.01]: [32m--- Step: match ---[0m
2026-01-19T09:32:02.0191040Z INFO [2026-01-19 09:32:02.01]: [32m-------------------[0m
2026-01-19T09:32:02.0200430Z INFO [2026-01-19 09:32:02.01]: [32mSuccessfully loaded '/Users/runner/work/IOS-Laughing-Drops/IOS-Laughing-Drops/fastlane/MatchFile' ðŸ“„[0m
2026-01-19T09:32:02.0233260Z 
2026-01-19T09:32:02.0240380Z +-----------------------------------------------------------------------------------+
2026-01-19T09:32:02.0242510Z |                    Detected Values from './fastlane/MatchFile'                    |
2026-01-19T09:32:02.0243970Z +----------------+------------------------------------------------------------------+
2026-01-19T09:32:02.0245630Z | git_url        | https://github.com/GolubWork/IOS-Laughing-Drops-Certificates     |
2026-01-19T09:32:02.0251040Z | storage_mode   | git                                                              |
2026-01-19T09:32:02.0252400Z | app_identifier | ["com.med.laughingdrops", "com.med.laughingdrops.notifications"] |
2026-01-19T09:32:02.0256010Z +----------------+------------------------------------------------------------------+
2026-01-19T09:32:02.0257050Z 
2026-01-19T09:32:02.0257060Z 
2026-01-19T09:32:02.0257770Z +-----------------------------------------------------------------------------------------------------------+
2026-01-19T09:32:02.0259820Z |                                         [32mSummary for match 2.231.0[0m                                         |
2026-01-19T09:32:02.0267380Z +----------------------------------------+------------------------------------------------------------------+
2026-01-19T09:32:02.0268070Z | type                                   | appstore                                                         |
2026-01-19T09:32:02.0269050Z | readonly                               | false                                                            |
2026-01-19T09:32:02.0269900Z | verbose                                | true                                                             |
2026-01-19T09:32:02.0270640Z | force                                  | true                                                             |
2026-01-19T09:32:02.0271320Z | git_basic_authorization                | ********                                                         |
2026-01-19T09:32:02.0272490Z | api_key                                | ********                                                         |
2026-01-19T09:32:02.0273340Z | generate_apple_certs                   | true                                                             |
2026-01-19T09:32:02.0274050Z | skip_provisioning_profiles             | false                                                            |
2026-01-19T09:32:02.0274840Z | app_identifier                         | ["com.med.laughingdrops", "com.med.laughingdrops.notifications"] |
2026-01-19T09:32:02.0275530Z | storage_mode                           | git                                                              |
2026-01-19T09:32:02.0276570Z | git_url                                | https://github.com/GolubWork/IOS-Laughing-Drops-Certificates     |
2026-01-19T09:32:02.0277190Z | git_branch                             | master                                                           |
2026-01-19T09:32:02.0277890Z | shallow_clone                          | false                                                            |
2026-01-19T09:32:02.0278580Z | clone_branch_directly                  | false                                                            |
2026-01-19T09:32:02.0279320Z | skip_google_cloud_account_confirmation | false                                                            |
2026-01-19T09:32:02.0280150Z | s3_skip_encryption                     | false                                                            |
2026-01-19T09:32:02.0282180Z | gitlab_host                            | https://gitlab.com                                               |
2026-01-19T09:32:02.0284430Z | keychain_name                          | fastlane_tmp_keychain                                            |
2026-01-19T09:32:02.0286060Z | force_for_new_devices                  | false                                                            |
2026-01-19T09:32:02.0287720Z | include_mac_in_profiles                | false                                                            |
2026-01-19T09:32:02.0288340Z | include_all_certificates               | false                                                            |
2026-01-19T09:32:02.0289200Z | force_for_new_certificates             | false                                                            |
2026-01-19T09:32:02.0290020Z | skip_confirmation                      | false                                                            |
2026-01-19T09:32:02.0291570Z | safe_remove_certs                      | false                                                            |
2026-01-19T09:32:02.0292850Z | skip_docs                              | false                                                            |
2026-01-19T09:32:02.0293480Z | platform                               | ios                                                              |
2026-01-19T09:32:02.0294250Z | derive_catalyst_app_identifier         | false                                                            |
2026-01-19T09:32:02.0294890Z | fail_on_name_taken                     | false                                                            |
2026-01-19T09:32:02.0295540Z | skip_certificate_matching              | false                                                            |
2026-01-19T09:32:02.0296410Z | skip_set_partition_list                | false                                                            |
2026-01-19T09:32:02.0297170Z | force_legacy_encryption                | false                                                            |
2026-01-19T09:32:02.0297840Z +----------------------------------------+------------------------------------------------------------------+
2026-01-19T09:32:02.0298240Z 
2026-01-19T09:32:02.0298450Z INFO [2026-01-19 09:32:02.02]: Cloning remote git repo...
2026-01-19T09:32:02.0299030Z INFO [2026-01-19 09:32:02.02]: If cloning the repo takes too long, you can use the `clone_branch_directly` option in match.
2026-01-19T09:32:02.0302200Z INFO [2026-01-19 09:32:02.02]: [36m$ git clone https://github.com/GolubWork/IOS-Laughing-Drops-Certificates /var/folders/kg/7q73ww8s3llgyl61c9z_j5g40000gn/T/d20260119-1248-jr2x5o -c http.extraheader='Authorization: Basic TmlrRHlyOmdo***'[0m
2026-01-19T09:32:02.0598400Z INFO [2026-01-19 09:32:02.05]: â–¸ [35mCloning into '/var/folders/kg/7q73ww8s3llgyl61c9z_j5g40000gn/T/d20260119-1248-jr2x5o'...[0m
2026-01-19T09:32:02.8232870Z INFO [2026-01-19 09:32:02.82]: â–¸ [35mremote: Enumerating objects: 33, done.        [0m
2026-01-19T09:32:02.8273230Z INFO [2026-01-19 09:32:02.82]: â–¸ [35mremote: Counting objects: 100% (33/33), done.        [0m
2026-01-19T09:32:02.8281420Z INFO [2026-01-19 09:32:02.82]: â–¸ [35mremote: Compressing objects: 100% (21/21), done.        [0m
2026-01-19T09:32:03.0519510Z INFO [2026-01-19 09:32:03.05]: â–¸ [35mremote: Total 33 (delta 6), reused 28 (delta 4), pack-reused 0 (from 0)        [0m
2026-01-19T09:32:03.0529670Z INFO [2026-01-19 09:32:03.05]: â–¸ [35mReceiving objects: 100% (33/33), 106.81 KiB | 719.00 KiB/s, done.[0m
2026-01-19T09:32:03.0530660Z INFO [2026-01-19 09:32:03.05]: â–¸ [35mResolving deltas: 100% (6/6), done.[0m
2026-01-19T09:32:03.0746030Z INFO [2026-01-19 09:32:03.07]: [36m$ git --no-pager branch --list origin/master --no-color -r[0m
2026-01-19T09:32:03.0868120Z INFO [2026-01-19 09:32:03.08]: â–¸ [35m  origin/master[0m
2026-01-19T09:32:03.0869860Z INFO [2026-01-19 09:32:03.08]: Checking out branch master...
2026-01-19T09:32:03.0871190Z INFO [2026-01-19 09:32:03.08]: [36m$ git checkout master[0m
2026-01-19T09:32:03.1113070Z INFO [2026-01-19 09:32:03.11]: â–¸ [35mbranch 'master' set up to track 'origin/master'.[0m
2026-01-19T09:32:03.1126020Z INFO [2026-01-19 09:32:03.11]: â–¸ [35mSwitched to a new branch 'master'[0m
2026-01-19T09:32:03.1182830Z INFO [2026-01-19 09:32:03.11]: [32mðŸ”“  Decrypted '88P4976SB4.cer'[0m
2026-01-19T09:32:03.1239160Z INFO [2026-01-19 09:32:03.12]: [32mðŸ”“  Decrypted '88P4976SB4.p12'[0m
2026-01-19T09:32:03.1285890Z INFO [2026-01-19 09:32:03.12]: [32mðŸ”“  Decrypted 'AppStore_com.med.laughingdrops.mobileprovision'[0m
2026-01-19T09:32:03.1330840Z INFO [2026-01-19 09:32:03.13]: [32mðŸ”“  Decrypted 'AppStore_com.med.laughingdrops.notifications.mobileprovision'[0m
2026-01-19T09:32:03.1333710Z INFO [2026-01-19 09:32:03.13]: [32mðŸ”“  Successfully decrypted certificates repo[0m
2026-01-19T09:32:03.1345220Z INFO [2026-01-19 09:32:03.13]: Verifying that the certificate and profile are still valid on the Dev Portal...
2026-01-19T09:32:03.1347600Z INFO [2026-01-19 09:32:03.13]: Creating authorization token for App Store Connect API
2026-01-19T09:32:03.5627210Z DEBUG [2026-01-19 09:32:03.56]: Your certificate '88P4976SB4.cer' is valid
2026-01-19T09:32:03.5628720Z INFO [2026-01-19 09:32:03.56]: Installing certificate...
2026-01-19T09:32:03.5899060Z DEBUG [2026-01-19 09:32:03.58]: Installing WWDR Cert: curl -f -o /var/folders/kg/7q73ww8s3llgyl61c9z_j5g40000gn/T/AppleWWDRCAG220260119-1248-bocd7e.cer https://www.apple.com/certificateauthority/AppleWWDRCAG2.cer && security import /var/folders/kg/7q73ww8s3llgyl61c9z_j5g40000gn/T/AppleWWDRCAG220260119-1248-bocd7e.cer -k /Users/runner/Library/Keychains/fastlane_tmp_keychain-db
2026-01-19T09:32:03.7008520Z INFO [2026-01-19 09:32:03.70]: â–¸ [35m1 certificate imported.[0m
2026-01-19T09:32:03.7009730Z INFO [2026-01-19 09:32:03.70]: â–¸ [35m100   763  100   763    0     0  22115      0 --:--:-- --:--:-- --:--:-- 22441[0m
2026-01-19T09:32:03.7022010Z DEBUG [2026-01-19 09:32:03.70]: Installing WWDR Cert: curl -f -o /var/folders/kg/7q73ww8s3llgyl61c9z_j5g40000gn/T/AppleWWDRCAG320260119-1248-ey2vh1.cer https://www.apple.com/certificateauthority/AppleWWDRCAG3.cer && security import /var/folders/kg/7q73ww8s3llgyl61c9z_j5g40000gn/T/AppleWWDRCAG320260119-1248-ey2vh1.cer -k /Users/runner/Library/Keychains/fastlane_tmp_keychain-db
2026-01-19T09:32:03.7857260Z INFO [2026-01-19 09:32:03.78]: â–¸ [35m1 certificate imported.[0m
2026-01-19T09:32:03.7959950Z INFO [2026-01-19 09:32:03.78]: â–¸ [35m100  1109  100  1109    0     0  60677      0 --:--:-- --:--:-- --:--:-- 61611[0m
2026-01-19T09:32:03.7990240Z DEBUG [2026-01-19 09:32:03.78]: Installing WWDR Cert: curl -f -o /var/folders/kg/7q73ww8s3llgyl61c9z_j5g40000gn/T/AppleWWDRCAG420260119-1248-8uqmvb.cer https://www.apple.com/certificateauthority/AppleWWDRCAG4.cer && security import /var/folders/kg/7q73ww8s3llgyl61c9z_j5g40000gn/T/AppleWWDRCAG420260119-1248-8uqmvb.cer -k /Users/runner/Library/Keychains/fastlane_tmp_keychain-db
2026-01-19T09:32:03.8550160Z INFO [2026-01-19 09:32:03.85]: â–¸ [35m1 certificate imported.[0m
2026-01-19T09:32:03.8554730Z INFO [2026-01-19 09:32:03.85]: â–¸ [35m100  1113  100  1113    0     0  54113      0 --:--:-- --:--:-- --:--:-- 55650[0m
2026-01-19T09:32:03.8559090Z DEBUG [2026-01-19 09:32:03.85]: Installing WWDR Cert: curl -f -o /var/folders/kg/7q73ww8s3llgyl61c9z_j5g40000gn/T/AppleWWDRCAG520260119-1248-or6py9.cer https://www.apple.com/certificateauthority/AppleWWDRCAG5.cer && security import /var/folders/kg/7q73ww8s3llgyl61c9z_j5g40000gn/T/AppleWWDRCAG520260119-1248-or6py9.cer -k /Users/runner/Library/Keychains/fastlane_tmp_keychain-db
2026-01-19T09:32:03.9146890Z INFO [2026-01-19 09:32:03.91]: â–¸ [35m1 certificate imported.[0m
2026-01-19T09:32:03.9155930Z INFO [2026-01-19 09:32:03.91]: â–¸ [35m100  1113  100  1113    0     0  69113      0 --:--:-- --:--:-- --:--:-- 69562[0m
2026-01-19T09:32:03.9160360Z DEBUG [2026-01-19 09:32:03.91]: Installing WWDR Cert: curl -f -o /var/folders/kg/7q73ww8s3llgyl61c9z_j5g40000gn/T/AppleWWDRCAG620260119-1248-hqsrwi.cer https://www.apple.com/certificateauthority/AppleWWDRCAG6.cer && security import /var/folders/kg/7q73ww8s3llgyl61c9z_j5g40000gn/T/AppleWWDRCAG620260119-1248-hqsrwi.cer -k /Users/runner/Library/Keychains/fastlane_tmp_keychain-db
2026-01-19T09:32:03.9636950Z INFO [2026-01-19 09:32:03.96]: â–¸ [35m1 certificate imported.[0m
2026-01-19T09:32:03.9639340Z INFO [2026-01-19 09:32:03.96]: â–¸ [35m100   794  100   794    0     0  61593      0 --:--:-- --:--:-- --:--:-- 66166[0m
2026-01-19T09:32:03.9815960Z ERROR [2026-01-19 09:32:03.98]: [31mThere are no local code signing identities found.
2026-01-19T09:32:03.9817990Z You can run `security find-identity -v -p codesigning /Users/runner/Library/Keychains/fastlane_tmp_keychain-db` to get this output.
2026-01-19T09:32:03.9819990Z This Stack Overflow thread has more information: https://stackoverflow.com/q/35390072/774.
2026-01-19T09:32:03.9822060Z (Check in Keychain Access for an expired WWDR certificate: https://stackoverflow.com/a/35409835/774 has more info.)[0m
2026-01-19T09:32:04.0210050Z INFO [2026-01-19 09:32:04.02]: [36m$ security import /var/folders/kg/7q73ww8s3llgyl61c9z_j5g40000gn/T/d20260119-1248-jr2x5o/certs/distribution/88P4976SB4.cer -k '/Users/runner/Library/Keychains/fastlane_tmp_keychain-db' -P ******** -T /usr/bin/codesign -T /usr/bin/security -T /usr/bin/productbuild -T /usr/bin/productsign[0m
2026-01-19T09:32:04.1165170Z INFO [2026-01-19 09:32:04.11]: â–¸ [35m1 certificate imported.[0m
2026-01-19T09:32:04.1347840Z INFO [2026-01-19 09:32:04.13]: Setting key partition list... (this can take a minute if there are a lot of keys installed)
2026-01-19T09:32:04.1352010Z INFO [2026-01-19 09:32:04.13]: [36m$ security set-key-partition-list -S apple-tool:,apple:,codesign: -s -k ******** /Users/runner/Library/Keychains/fastlane_tmp_keychain-db 1> /dev/null[0m
2026-01-19T09:32:04.1690030Z ERROR [2026-01-19 09:32:04.16]: [31msecurity: SecItemCopyMatching: The specified item could not be found in the keychain.[0m
2026-01-19T09:32:04.1694370Z INFO [2026-01-19 09:32:04.16]: [36m$ security import /var/folders/kg/7q73ww8s3llgyl61c9z_j5g40000gn/T/d20260119-1248-jr2x5o/certs/distribution/88P4976SB4.p12 -k '/Users/runner/Library/Keychains/fastlane_tmp_keychain-db' -P ******** -T /usr/bin/codesign -T /usr/bin/security -T /usr/bin/productbuild -T /usr/bin/productsign[0m
2026-01-19T09:32:04.2415070Z INFO [2026-01-19 09:32:04.24]: â–¸ [35m1 key imported.[0m
2026-01-19T09:32:04.2559120Z INFO [2026-01-19 09:32:04.25]: Setting key partition list... (this can take a minute if there are a lot of keys installed)
2026-01-19T09:32:04.2563600Z INFO [2026-01-19 09:32:04.25]: [36m$ security set-key-partition-list -S apple-tool:,apple:,codesign: -s -k ******** /Users/runner/Library/Keychains/fastlane_tmp_keychain-db 1> /dev/null[0m
2026-01-19T09:32:04.2914140Z 
2026-01-19T09:32:04.2923180Z +--------------------------------------------------------------------------------+
2026-01-19T09:32:04.2925430Z |                             [32mInstalled Certificate[0m                              |
2026-01-19T09:32:04.2926880Z +-------------------+------------------------------------------------------------+
2026-01-19T09:32:04.2928520Z | User ID           | 9C2WB6M3U5                                                 |
2026-01-19T09:32:04.2966340Z | Common Name       | Apple Distribution: RANECIA LAQUOWNDA SANDERS (9C2WB6M3U5) |
2026-01-19T09:32:04.2967220Z | Organisation Unit | 9C2WB6M3U5                                                 |
2026-01-19T09:32:04.2967940Z | Organisation      | RANECIA LAQUOWNDA SANDERS                                  |
2026-01-19T09:32:04.2968830Z | Country           | US                                                         |
2026-01-19T09:32:04.2971100Z | Start Datetime    | 2026-01-16 12:34:18 UTC                                    |
2026-01-19T09:32:04.2973330Z | End Datetime      | 2027-01-16 12:34:17 UTC                                    |
2026-01-19T09:32:04.2974240Z +-------------------+------------------------------------------------------------+
2026-01-19T09:32:04.2974990Z 
2026-01-19T09:32:05.3354420Z ERROR [2026-01-19 09:32:05.33]: [34m[1mUsing deprecated option: '--template_name' (Removed since May 2025 on App Store Connect API OpenAPI v3.8.0 - Learn more: https://docs.fastlane.tools/actions/match/#managed-capabilities)[0m
2026-01-19T09:32:05.3356780Z 
2026-01-19T09:32:05.3357080Z +----------------------------------------------------------------------------+
2026-01-19T09:32:05.3357970Z |                          [32mSummary for sigh 2.231.0[0m                          |
2026-01-19T09:32:05.3358610Z +-------------------------------------+--------------------------------------+
2026-01-19T09:32:05.3359160Z | app_identifier                      | com.med.laughingdrops                |
2026-01-19T09:32:05.3359600Z | force                               | true                                 |
2026-01-19T09:32:05.3360030Z | cert_id                             | 88P4976SB4                           |
2026-01-19T09:32:05.3360490Z | provisioning_name                   | match AppStore com.med.laughingdrops |
2026-01-19T09:32:05.3361140Z | ignore_profiles_with_different_name | true                                 |
2026-01-19T09:32:05.3362180Z | api_key                             | ********                             |
2026-01-19T09:32:05.3363150Z | fail_on_name_taken                  | false                                |
2026-01-19T09:32:05.3363910Z | include_all_certificates            | false                                |
2026-01-19T09:32:05.3364530Z | include_mac_in_profiles             | false                                |
2026-01-19T09:32:05.3365010Z | platform                            | ios                                  |
2026-01-19T09:32:05.3365600Z | adhoc                               | false                                |
2026-01-19T09:32:05.3366700Z | developer_id                        | false                                |
2026-01-19T09:32:05.3367180Z | development                         | false                                |
2026-01-19T09:32:05.3369310Z | skip_install                        | false                                |
2026-01-19T09:32:05.3371120Z | skip_fetch_profiles                 | false                                |
2026-01-19T09:32:05.3372740Z | skip_certificate_verification       | false                                |
2026-01-19T09:32:05.3374090Z | readonly                            | false                                |
2026-01-19T09:32:05.3375530Z +-------------------------------------+--------------------------------------+
2026-01-19T09:32:05.3376200Z 
2026-01-19T09:32:05.3377880Z INFO [2026-01-19 09:32:05.33]: Creating authorization token for App Store Connect API
2026-01-19T09:32:05.3379270Z INFO [2026-01-19 09:32:05.33]: Fetching profiles...
2026-01-19T09:32:05.3380490Z INFO [2026-01-19 09:32:05.33]: Verifying certificates...
2026-01-19T09:32:05.3382260Z INFO [2026-01-19 09:32:05.33]: [36m$ security default-keychain -d user[0m
2026-01-19T09:32:05.3483550Z INFO [2026-01-19 09:32:05.34]: â–¸ [35m    "/Users/runner/Library/Keychains/fastlane_tmp_keychain-db"[0m
2026-01-19T09:32:05.4457690Z INFO [2026-01-19 09:32:05.44]: [32mFound 1 matching profile(s)[0m
2026-01-19T09:32:05.4460610Z WARN [2026-01-19 09:32:05.44]: [33mRecreating the profile[0m
2026-01-19T09:32:06.0317270Z WARN [2026-01-19 09:32:06.03]: [33mCreating new provisioning profile for 'com.med.laughingdrops' with name 'match AppStore com.med.laughingdrops' for 'ios' platform[0m
2026-01-19T09:32:06.0323310Z INFO [2026-01-19 09:32:06.03]: [36m$ security default-keychain -d user[0m
2026-01-19T09:32:06.0439740Z INFO [2026-01-19 09:32:06.04]: â–¸ [35m    "/Users/runner/Library/Keychains/fastlane_tmp_keychain-db"[0m
2026-01-19T09:32:06.5148700Z WARN [2026-01-19 09:32:06.51]: [33mDownloading provisioning profile...[0m
2026-01-19T09:32:06.5222810Z INFO [2026-01-19 09:32:06.52]: [32mSuccessfully downloaded provisioning profile...[0m
2026-01-19T09:32:06.5902710Z INFO [2026-01-19 09:32:06.58]: Installing provisioning profile...
2026-01-19T09:32:06.6565090Z [32m/var/folders/kg/7q73ww8s3llgyl61c9z_j5g40000gn/T/d20260119-1248-jr2x5o/profiles/appstore/AppStore_com.med.laughingdrops.mobileprovision[0m
2026-01-19T09:32:06.6825710Z INFO [2026-01-19 09:32:06.68]: Installing provisioning profile...
2026-01-19T09:32:06.7362770Z WARN [2026-01-19 09:32:06.73]: [33mSetting environment variable 'sigh_com.med.laughingdrops_appstore' to '67894dce-fa1b-4e87-bffb-8d59a0accc0b'[0m
2026-01-19T09:32:06.7363930Z WARN [2026-01-19 09:32:06.73]: [33mSetting environment variable 'sigh_com.med.laughingdrops_appstore_team-id' to '9C2WB6M3U5'[0m
2026-01-19T09:32:06.7365140Z WARN [2026-01-19 09:32:06.73]: [33mSetting environment variable 'sigh_com.med.laughingdrops_appstore_certificate-name' to 'Apple Distribution: RANECIA LAQUOWNDA SANDERS (9C2WB6M3U5)'[0m
2026-01-19T09:32:06.7366510Z WARN [2026-01-19 09:32:06.73]: [33mSetting environment variable 'sigh_com.med.laughingdrops_appstore_profile-name' to 'match AppStore com.med.laughingdrops'[0m
2026-01-19T09:32:06.7368760Z WARN [2026-01-19 09:32:06.73]: [33mSetting environment variable 'sigh_com.med.laughingdrops_appstore_profile-path' to '/Users/runner/Library/Developer/Xcode/UserData/Provisioning Profiles/67894dce-fa1b-4e87-bffb-8d59a0accc0b.mobileprovision'[0m
2026-01-19T09:32:06.7637990Z ERROR [2026-01-19 09:32:06.76]: [34m[1mUsing deprecated option: '--template_name' (Removed since May 2025 on App Store Connect API OpenAPI v3.8.0 - Learn more: https://docs.fastlane.tools/actions/match/#managed-capabilities)[0m
2026-01-19T09:32:06.7640210Z 
2026-01-19T09:32:06.7651450Z +------------------------------------------------------------------------------------------+
2026-01-19T09:32:06.7652960Z |                                 [32mSummary for sigh 2.231.0[0m                                 |
2026-01-19T09:32:06.7654180Z +-------------------------------------+----------------------------------------------------+
2026-01-19T09:32:06.7655320Z | app_identifier                      | com.med.laughingdrops.notifications                |
2026-01-19T09:32:06.7656390Z | force                               | true                                               |
2026-01-19T09:32:06.7657380Z | cert_id                             | 88P4976SB4                                         |
2026-01-19T09:32:06.7658500Z | provisioning_name                   | match AppStore com.med.laughingdrops.notifications |
2026-01-19T09:32:06.7659760Z | ignore_profiles_with_different_name | true                                               |
2026-01-19T09:32:06.7661900Z | api_key                             | ********                                           |
2026-01-19T09:32:06.7663200Z | fail_on_name_taken                  | false                                              |
2026-01-19T09:32:06.7663730Z | include_all_certificates            | false                                              |
2026-01-19T09:32:06.7664190Z | include_mac_in_profiles             | false                                              |
2026-01-19T09:32:06.7664590Z | platform                            | ios                                                |
2026-01-19T09:32:06.7664980Z | adhoc                               | false                                              |
2026-01-19T09:32:06.7665370Z | developer_id                        | false                                              |
2026-01-19T09:32:06.7665760Z | development                         | false                                              |
2026-01-19T09:32:06.7666150Z | skip_install                        | false                                              |
2026-01-19T09:32:06.7666560Z | skip_fetch_profiles                 | false                                              |
2026-01-19T09:32:06.7667010Z | skip_certificate_verification       | false                                              |
2026-01-19T09:32:06.7667420Z | readonly                            | false                                              |
2026-01-19T09:32:06.7667830Z +-------------------------------------+----------------------------------------------------+
2026-01-19T09:32:06.7668090Z 
2026-01-19T09:32:06.7668310Z INFO [2026-01-19 09:32:06.76]: Creating authorization token for App Store Connect API
2026-01-19T09:32:06.7679030Z INFO [2026-01-19 09:32:06.76]: Fetching profiles...
2026-01-19T09:32:06.7679990Z INFO [2026-01-19 09:32:06.76]: Verifying certificates...
2026-01-19T09:32:06.7682940Z INFO [2026-01-19 09:32:06.76]: [36m$ security default-keychain -d user[0m
2026-01-19T09:32:06.7803760Z INFO [2026-01-19 09:32:06.78]: â–¸ [35m    "/Users/runner/Library/Keychains/fastlane_tmp_keychain-db"[0m
2026-01-19T09:32:06.8666550Z INFO [2026-01-19 09:32:06.86]: [32mFound 1 matching profile(s)[0m
2026-01-19T09:32:06.8668450Z WARN [2026-01-19 09:32:06.86]: [33mRecreating the profile[0m
2026-01-19T09:32:07.4230890Z WARN [2026-01-19 09:32:07.42]: [33mCreating new provisioning profile for 'com.med.laughingdrops.notifications' with name 'match AppStore com.med.laughingdrops.notifications' for 'ios' platform[0m
2026-01-19T09:32:07.4242450Z INFO [2026-01-19 09:32:07.42]: [36m$ security default-keychain -d user[0m
2026-01-19T09:32:07.4474420Z INFO [2026-01-19 09:32:07.44]: â–¸ [35m    "/Users/runner/Library/Keychains/fastlane_tmp_keychain-db"[0m
2026-01-19T09:32:08.0363330Z WARN [2026-01-19 09:32:08.03]: [33mDownloading provisioning profile...[0m
2026-01-19T09:32:08.0418540Z INFO [2026-01-19 09:32:08.04]: [32mSuccessfully downloaded provisioning profile...[0m
2026-01-19T09:32:08.1050120Z INFO [2026-01-19 09:32:08.10]: Installing provisioning profile...
2026-01-19T09:32:08.1661470Z [32m/var/folders/kg/7q73ww8s3llgyl61c9z_j5g40000gn/T/d20260119-1248-jr2x5o/profiles/appstore/AppStore_com.med.laughingdrops.notifications.mobileprovision[0m
2026-01-19T09:32:08.1907250Z INFO [2026-01-19 09:32:08.19]: Installing provisioning profile...
2026-01-19T09:32:08.2450130Z WARN [2026-01-19 09:32:08.24]: [33mSetting environment variable 'sigh_com.med.laughingdrops.notifications_appstore' to '061c257b-45fe-43e0-9375-1fdcc42e33f9'[0m
2026-01-19T09:32:08.2455960Z WARN [2026-01-19 09:32:08.24]: [33mSetting environment variable 'sigh_com.med.laughingdrops.notifications_appstore_team-id' to '9C2WB6M3U5'[0m
2026-01-19T09:32:08.2462210Z WARN [2026-01-19 09:32:08.24]: [33mSetting environment variable 'sigh_com.med.laughingdrops.notifications_appstore_certificate-name' to 'Apple Distribution: RANECIA LAQUOWNDA SANDERS (9C2WB6M3U5)'[0m
2026-01-19T09:32:08.2466290Z WARN [2026-01-19 09:32:08.24]: [33mSetting environment variable 'sigh_com.med.laughingdrops.notifications_appstore_profile-name' to 'match AppStore com.med.laughingdrops.notifications'[0m
2026-01-19T09:32:08.2470040Z WARN [2026-01-19 09:32:08.24]: [33mSetting environment variable 'sigh_com.med.laughingdrops.notifications_appstore_profile-path' to '/Users/runner/Library/Developer/Xcode/UserData/Provisioning Profiles/061c257b-45fe-43e0-9375-1fdcc42e33f9.mobileprovision'[0m
2026-01-19T09:32:08.2491240Z INFO [2026-01-19 09:32:08.24]: [32mðŸ”’  Encrypted '88P4976SB4.cer'[0m
2026-01-19T09:32:08.2538510Z INFO [2026-01-19 09:32:08.25]: [32mðŸ”’  Encrypted '88P4976SB4.p12'[0m
2026-01-19T09:32:08.2580430Z INFO [2026-01-19 09:32:08.25]: [32mðŸ”’  Encrypted 'AppStore_com.med.laughingdrops.mobileprovision'[0m
2026-01-19T09:32:08.2623130Z INFO [2026-01-19 09:32:08.26]: [32mðŸ”’  Encrypted 'AppStore_com.med.laughingdrops.notifications.mobileprovision'[0m
2026-01-19T09:32:08.2624150Z INFO [2026-01-19 09:32:08.26]: [32mðŸ”’  Successfully encrypted certificates repo[0m
2026-01-19T09:32:08.2629600Z INFO [2026-01-19 09:32:08.26]: Pushing changes to remote git repo...
2026-01-19T09:32:08.2632090Z INFO [2026-01-19 09:32:08.26]: [36m$ git add /var/folders/kg/7q73ww8s3llgyl61c9z_j5g40000gn/T/d20260119-1248-jr2x5o/profiles/appstore/AppStore_com.med.laughingdrops.mobileprovision[0m
2026-01-19T09:32:08.2740630Z INFO [2026-01-19 09:32:08.27]: [36m$ git add /var/folders/kg/7q73ww8s3llgyl61c9z_j5g40000gn/T/d20260119-1248-jr2x5o/profiles/appstore/AppStore_com.med.laughingdrops.notifications.mobileprovision[0m
2026-01-19T09:32:08.2847540Z INFO [2026-01-19 09:32:08.28]: [36m$ git add match_version.txt[0m
2026-01-19T09:32:08.2944390Z INFO [2026-01-19 09:32:08.29]: [36m$ git commit -m \[fastlane\]\ Updated\ appstore\ and\ platform\ ios[0m
2026-01-19T09:32:08.3237960Z INFO [2026-01-19 09:32:08.32]: â–¸ [35m[master 117cdaa] [fastlane] Updated appstore and platform ios[0m
2026-01-19T09:32:08.3239540Z INFO [2026-01-19 09:32:08.32]: â–¸ [35m Committer: Anka <runner@iad20-fj917-aec6096c-635b-44dd-a235-b8cea65abdef-BED15E76B8C6.local>[0m
2026-01-19T09:32:08.3240510Z INFO [2026-01-19 09:32:08.32]: â–¸ [35m 3 files changed, 555 insertions(+), 555 deletions(-)[0m
2026-01-19T09:32:08.3241990Z INFO [2026-01-19 09:32:08.32]: [36m$ git push origin master[0m
2026-01-19T09:32:08.7081700Z INFO [2026-01-19 09:32:08.70]: â–¸ [35mEnumerating objects: 12, done.[0m
2026-01-19T09:32:08.7084040Z INFO [2026-01-19 09:32:08.70]: â–¸ [35mCounting objects: 100% (12/12), done.[0m
2026-01-19T09:32:08.7086970Z INFO [2026-01-19 09:32:08.70]: â–¸ [35mDelta compression using up to 3 threads[0m
2026-01-19T09:32:08.7087750Z INFO [2026-01-19 09:32:08.70]: â–¸ [35mCompressing objects: 100% (5/5), done.[0m
2026-01-19T09:32:08.7109790Z INFO [2026-01-19 09:32:08.71]: â–¸ [35mWriting objects: 100% (7/7), 25.62 KiB | 12.81 MiB/s, done.[0m
2026-01-19T09:32:08.7110660Z INFO [2026-01-19 09:32:08.71]: â–¸ [35mTotal 7 (delta 1), reused 0 (delta 0), pack-reused 0 (from 0)[0m
2026-01-19T09:32:09.2244180Z INFO [2026-01-19 09:32:09.22]: â–¸ [35mremote: Resolving deltas: 100% (1/1), completed with 1 local object.        [0m
2026-01-19T09:32:09.4287890Z INFO [2026-01-19 09:32:09.42]: â–¸ [35mTo https://github.com/GolubWork/IOS-Laughing-Drops-Certificates[0m
2026-01-19T09:32:09.4290110Z INFO [2026-01-19 09:32:09.42]: â–¸ [35m   363efda..117cdaa  master -> master[0m
2026-01-19T09:32:09.4366690Z INFO [2026-01-19 09:32:09.43]: Finished uploading files to Git Repo [https://github.com/GolubWork/IOS-Laughing-Drops-Certificates]
2026-01-19T09:32:09.4469470Z 
2026-01-19T09:32:09.4482750Z +--------------------------------------------------------------------------------------------------------------------------------------------------------------------------------------------------------+
2026-01-19T09:32:09.4484340Z |                                                                                     [32mInstalled Provisioning Profile[0m                                                                                     |
2026-01-19T09:32:09.4490710Z +---------------------+------------------------------------------------------+---------------------------------------------------------------------------------------------------------------------------+
2026-01-19T09:32:09.4491930Z | Parameter           | Environment Variable                                 | Value                                                                                                                     |
2026-01-19T09:32:09.4492960Z +---------------------+------------------------------------------------------+---------------------------------------------------------------------------------------------------------------------------+
2026-01-19T09:32:09.4497470Z | App Identifier      |                                                      | com.med.laughingdrops                                                                                                     |
2026-01-19T09:32:09.4499670Z | Type                |                                                      | appstore                                                                                                                  |
2026-01-19T09:32:09.4500460Z | Platform            |                                                      | ios                                                                                                                       |
2026-01-19T09:32:09.4501350Z | Profile UUID        | sigh_com.med.laughingdrops_appstore                  | 67894dce-fa1b-4e87-bffb-8d59a0accc0b                                                                                      |
2026-01-19T09:32:09.4502370Z | Profile Name        | sigh_com.med.laughingdrops_appstore_profile-name     | match AppStore com.med.laughingdrops                                                                                      |
2026-01-19T09:32:09.4503540Z | Profile Path        | sigh_com.med.laughingdrops_appstore_profile-path     | /Users/runner/Library/Developer/Xcode/UserData/Provisioning Profiles/67894dce-fa1b-4e87-bffb-8d59a0accc0b.mobileprovision |
2026-01-19T09:32:09.4504630Z | Development Team ID | sigh_com.med.laughingdrops_appstore_team-id          | 9C2WB6M3U5                                                                                                                |
2026-01-19T09:32:09.4505630Z | Certificate Name    | sigh_com.med.laughingdrops_appstore_certificate-name | Apple Distribution: RANECIA LAQUOWNDA SANDERS (9C2WB6M3U5)                                                                |
2026-01-19T09:32:09.4506630Z +---------------------+------------------------------------------------------+---------------------------------------------------------------------------------------------------------------------------+
2026-01-19T09:32:09.4507470Z 
2026-01-19T09:32:09.4507470Z 
2026-01-19T09:32:09.4507890Z +----------------------------------------------------------------------------------------------------------------------------------------------------------------------------------------------------------------------+
2026-01-19T09:32:09.4512330Z |                                                                                            [32mInstalled Provisioning Profile[0m                                                                                            |
2026-01-19T09:32:09.4513310Z +---------------------+--------------------------------------------------------------------+---------------------------------------------------------------------------------------------------------------------------+
2026-01-19T09:32:09.4514180Z | Parameter           | Environment Variable                                               | Value                                                                                                                     |
2026-01-19T09:32:09.4515000Z +---------------------+--------------------------------------------------------------------+---------------------------------------------------------------------------------------------------------------------------+
2026-01-19T09:32:09.4516230Z | App Identifier      |                                                                    | com.med.laughingdrops.notifications                                                                                       |
2026-01-19T09:32:09.4516970Z | Type                |                                                                    | appstore                                                                                                                  |
2026-01-19T09:32:09.4517620Z | Platform            |                                                                    | ios                                                                                                                       |
2026-01-19T09:32:09.4518440Z | Profile UUID        | sigh_com.med.laughingdrops.notifications_appstore                  | 061c257b-45fe-43e0-9375-1fdcc42e33f9                                                                                      |
2026-01-19T09:32:09.4519600Z | Profile Name        | sigh_com.med.laughingdrops.notifications_appstore_profile-name     | match AppStore com.med.laughingdrops.notifications                                                                        |
2026-01-19T09:32:09.4520820Z | Profile Path        | sigh_com.med.laughingdrops.notifications_appstore_profile-path     | /Users/runner/Library/Developer/Xcode/UserData/Provisioning Profiles/061c257b-45fe-43e0-9375-1fdcc42e33f9.mobileprovision |
2026-01-19T09:32:09.4522070Z | Development Team ID | sigh_com.med.laughingdrops.notifications_appstore_team-id          | 9C2WB6M3U5                                                                                                                |
2026-01-19T09:32:09.4523110Z | Certificate Name    | sigh_com.med.laughingdrops.notifications_appstore_certificate-name | Apple Distribution: RANECIA LAQUOWNDA SANDERS (9C2WB6M3U5)                                                                |
2026-01-19T09:32:09.4524120Z +---------------------+--------------------------------------------------------------------+---------------------------------------------------------------------------------------------------------------------------+
2026-01-19T09:32:09.4524600Z 
2026-01-19T09:32:09.4526240Z INFO [2026-01-19 09:32:09.44]: [32m[32mAll required keys, certificates and provisioning profiles are installed ðŸ™Œ[0m
2026-01-19T09:32:09.4526810Z INFO [2026-01-19 09:32:09.44]: Setting Provisioning Profile type to 'app-store'
2026-01-19T09:32:09.4527320Z INFO [2026-01-19 09:32:09.44]: [32m----------------------------------------------[0m
2026-01-19T09:32:09.4527810Z INFO [2026-01-19 09:32:09.44]: [32m--- Step: Switch to ios list_profiles lane ---[0m
2026-01-19T09:32:09.4528500Z INFO [2026-01-19 09:32:09.44]: [32m----------------------------------------------[0m
2026-01-19T09:32:09.4528970Z INFO [2026-01-19 09:32:09.44]: Cruising over to lane 'ios list_profiles' ðŸš–
2026-01-19T09:32:09.4529450Z INFO [2026-01-19 09:32:09.44]: [32m-----------------------------------------------------[0m
2026-01-19T09:32:09.4529950Z INFO [2026-01-19 09:32:09.44]: [32mStep: security find-identity -v -p codesigning[0m
2026-01-19T09:32:09.4530450Z INFO [2026-01-19 09:32:09.44]: [32m-----------------------------------------------------[0m
2026-01-19T09:32:09.4530930Z INFO [2026-01-19 09:32:09.44]: [36m$ security find-identity -v -p codesigning[0m
2026-01-19T09:32:09.4851300Z INFO [2026-01-19 09:32:09.48]: â–¸ [35m1) A5D760E0888EB0663A73195222A784BB02B9E316 "Apple Distribution: RANECIA LAQUOWNDA SANDERS (9C2WB6M3U5)"[0m
2026-01-19T09:32:09.4853370Z INFO [2026-01-19 09:32:09.48]: â–¸ [35m1 valid identities found[0m
2026-01-19T09:32:09.4861890Z INFO [2026-01-19 09:32:09.48]: Cruising back to lane 'ios build_upload_testflight' ðŸš˜
2026-01-19T09:32:09.4870350Z INFO [2026-01-19 09:32:09.48]: [32m-------------------------------[0m
2026-01-19T09:32:09.4871490Z INFO [2026-01-19 09:32:09.48]: [32m--- Step: sync_code_signing ---[0m
2026-01-19T09:32:09.4872530Z INFO [2026-01-19 09:32:09.48]: [32m-------------------------------[0m
2026-01-19T09:32:09.4875120Z INFO [2026-01-19 09:32:09.48]: [32mSuccessfully loaded '/Users/runner/work/IOS-Laughing-Drops/IOS-Laughing-Drops/fastlane/MatchFile' ðŸ“„[0m
2026-01-19T09:32:09.4876330Z 
2026-01-19T09:32:09.4877940Z +-----------------------------------------------------------------------------------+
2026-01-19T09:32:09.4879020Z |                    Detected Values from './fastlane/MatchFile'                    |
2026-01-19T09:32:09.4880040Z +----------------+------------------------------------------------------------------+
2026-01-19T09:32:09.4881170Z | git_url        | https://github.com/GolubWork/IOS-Laughing-Drops-Certificates     |
2026-01-19T09:32:09.4882300Z | storage_mode   | git                                                              |
2026-01-19T09:32:09.4883460Z | app_identifier | ["com.med.laughingdrops", "com.med.laughingdrops.notifications"] |
2026-01-19T09:32:09.4884590Z +----------------+------------------------------------------------------------------+
2026-01-19T09:32:09.4885240Z 
2026-01-19T09:32:09.4890610Z 
2026-01-19T09:32:09.4898430Z +-----------------------------------------------------------------------------------------------------------+
2026-01-19T09:32:09.4900110Z |                                         [32mSummary for match 2.231.0[0m                                         |
2026-01-19T09:32:09.4901460Z +----------------------------------------+------------------------------------------------------------------+
2026-01-19T09:32:09.4902670Z | type                                   | appstore                                                         |
2026-01-19T09:32:09.4903790Z | readonly                               | true                                                             |
2026-01-19T09:32:09.4904860Z | api_key                                | ********                                                         |
2026-01-19T09:32:09.4905960Z | generate_apple_certs                   | true                                                             |
2026-01-19T09:32:09.4907500Z | skip_provisioning_profiles             | false                                                            |
2026-01-19T09:32:09.4908870Z | app_identifier                         | ["com.med.laughingdrops", "com.med.laughingdrops.notifications"] |
2026-01-19T09:32:09.4910130Z | storage_mode                           | git                                                              |
2026-01-19T09:32:09.4911380Z | git_url                                | https://github.com/GolubWork/IOS-Laughing-Drops-Certificates     |
2026-01-19T09:32:09.4912620Z | git_branch                             | master                                                           |
2026-01-19T09:32:09.4914460Z | shallow_clone                          | false                                                            |
2026-01-19T09:32:09.4915660Z | clone_branch_directly                  | false                                                            |
2026-01-19T09:32:09.4916880Z | git_basic_authorization                | ********                                                         |
2026-01-19T09:32:09.4918190Z | skip_google_cloud_account_confirmation | false                                                            |
2026-01-19T09:32:09.4919510Z | s3_skip_encryption                     | false                                                            |
2026-01-19T09:32:09.4920760Z | gitlab_host                            | https://gitlab.com                                               |
2026-01-19T09:32:09.4922040Z | keychain_name                          | fastlane_tmp_keychain                                            |
2026-01-19T09:32:09.4923220Z | force                                  | false                                                            |
2026-01-19T09:32:09.4924380Z | force_for_new_devices                  | false                                                            |
2026-01-19T09:32:09.4925720Z | include_mac_in_profiles                | false                                                            |
2026-01-19T09:32:09.4928010Z | include_all_certificates               | false                                                            |
2026-01-19T09:32:09.4929390Z | force_for_new_certificates             | false                                                            |
2026-01-19T09:32:09.4930630Z | skip_confirmation                      | false                                                            |
2026-01-19T09:32:09.4931830Z | safe_remove_certs                      | false                                                            |
2026-01-19T09:32:09.4933000Z | skip_docs                              | false                                                            |
2026-01-19T09:32:09.4934130Z | platform                               | ios                                                              |
2026-01-19T09:32:09.4935840Z | derive_catalyst_app_identifier         | false                                                            |
2026-01-19T09:32:09.4937500Z | fail_on_name_taken                     | false                                                            |
2026-01-19T09:32:09.4939230Z | skip_certificate_matching              | false                                                            |
2026-01-19T09:32:09.4940870Z | skip_set_partition_list                | false                                                            |
2026-01-19T09:32:09.4942410Z | force_legacy_encryption                | false                                                            |
2026-01-19T09:32:09.4956450Z | verbose                                | false                                                            |
2026-01-19T09:32:09.4957840Z +----------------------------------------+------------------------------------------------------------------+
2026-01-19T09:32:09.4958590Z 
2026-01-19T09:32:09.4958980Z INFO [2026-01-19 09:32:09.49]: Cloning remote git repo...
2026-01-19T09:32:09.4960230Z INFO [2026-01-19 09:32:09.49]: If cloning the repo takes too long, you can use the `clone_branch_directly` option in match.
2026-01-19T09:32:09.4965200Z INFO [2026-01-19 09:32:09.49]: [36m$ git clone https://github.com/GolubWork/IOS-Laughing-Drops-Certificates /var/folders/kg/7q73ww8s3llgyl61c9z_j5g40000gn/T/d20260119-1248-hpqaf4 -c http.extraheader='Authorization: Basic TmlrRHlyOmdo***'[0m
2026-01-19T09:32:09.5099910Z INFO [2026-01-19 09:32:09.50]: â–¸ [35mCloning into '/var/folders/kg/7q73ww8s3llgyl61c9z_j5g40000gn/T/d20260119-1248-hpqaf4'...[0m
2026-01-19T09:32:10.1701410Z INFO [2026-01-19 09:32:10.16]: â–¸ [35mremote: Enumerating objects: 40, done.        [0m
2026-01-19T09:32:10.1764510Z INFO [2026-01-19 09:32:10.17]: â–¸ [35mremote: Counting objects: 100% (40/40), done.        [0m
2026-01-19T09:32:10.1799950Z INFO [2026-01-19 09:32:10.17]: â–¸ [35mremote: Compressing objects: 100% (25/25), done.        [0m
2026-01-19T09:32:10.3665670Z INFO [2026-01-19 09:32:10.36]: â–¸ [35mremote: Total 40 (delta 7), reused 35 (delta 5), pack-reused 0 (from 0)        [0m
2026-01-19T09:32:10.3667400Z INFO [2026-01-19 09:32:10.36]: â–¸ [35mReceiving objects: 100% (40/40), 132.37 KiB | 713.00 KiB/s, done.[0m
2026-01-19T09:32:10.3673560Z INFO [2026-01-19 09:32:10.36]: â–¸ [35mResolving deltas: 100% (7/7), done.[0m
2026-01-19T09:32:10.3994900Z INFO [2026-01-19 09:32:10.39]: [36m$ git --no-pager branch --list origin/master --no-color -r[0m
2026-01-19T09:32:10.4084010Z INFO [2026-01-19 09:32:10.40]: â–¸ [35m  origin/master[0m
2026-01-19T09:32:10.4084970Z INFO [2026-01-19 09:32:10.40]: Checking out branch master...
2026-01-19T09:32:10.4086150Z INFO [2026-01-19 09:32:10.40]: [36m$ git checkout master[0m
2026-01-19T09:32:10.4228050Z INFO [2026-01-19 09:32:10.42]: â–¸ [35mbranch 'master' set up to track 'origin/master'.[0m
2026-01-19T09:32:10.4229430Z INFO [2026-01-19 09:32:10.42]: â–¸ [35mSwitched to a new branch 'master'[0m
2026-01-19T09:32:10.4277010Z INFO [2026-01-19 09:32:10.42]: [32mðŸ”“  Decrypted '88P4976SB4.cer'[0m
2026-01-19T09:32:10.4329050Z INFO [2026-01-19 09:32:10.43]: [32mðŸ”“  Decrypted '88P4976SB4.p12'[0m
2026-01-19T09:32:10.4370630Z INFO [2026-01-19 09:32:10.43]: [32mðŸ”“  Decrypted 'AppStore_com.med.laughingdrops.mobileprovision'[0m
2026-01-19T09:32:10.4409730Z INFO [2026-01-19 09:32:10.44]: [32mðŸ”“  Decrypted 'AppStore_com.med.laughingdrops.notifications.mobileprovision'[0m
2026-01-19T09:32:10.4411640Z INFO [2026-01-19 09:32:10.44]: [32mðŸ”“  Successfully decrypted certificates repo[0m
2026-01-19T09:32:10.4413850Z DEBUG [2026-01-19 09:32:10.44]: Your certificate '88P4976SB4.cer' is valid
2026-01-19T09:32:10.4414830Z INFO [2026-01-19 09:32:10.44]: Installing certificate...
2026-01-19T09:32:10.5180980Z DEBUG [2026-01-19 09:32:10.51]: Certificate '88P4976SB4.cer' is already installed on this machine
2026-01-19T09:32:10.5182500Z 
2026-01-19T09:32:10.5184850Z +--------------------------------------------------------------------------------+
2026-01-19T09:32:10.5186410Z |                             [32mInstalled Certificate[0m                              |
2026-01-19T09:32:10.5187580Z +-------------------+------------------------------------------------------------+
2026-01-19T09:32:10.5188790Z | User ID           | 9C2WB6M3U5                                                 |
2026-01-19T09:32:10.5190080Z | Common Name       | Apple Distribution: RANECIA LAQUOWNDA SANDERS (9C2WB6M3U5) |
2026-01-19T09:32:10.5191410Z | Organisation Unit | 9C2WB6M3U5                                                 |
2026-01-19T09:32:10.5192660Z | Organisation      | RANECIA LAQUOWNDA SANDERS                                  |
2026-01-19T09:32:10.5193830Z | Country           | US                                                         |
2026-01-19T09:32:10.5194980Z | Start Datetime    | 2026-01-16 12:34:18 UTC                                    |
2026-01-19T09:32:10.5196210Z | End Datetime      | 2027-01-16 12:34:17 UTC                                    |
2026-01-19T09:32:10.5197360Z +-------------------+------------------------------------------------------------+
2026-01-19T09:32:10.5198340Z 
2026-01-19T09:32:10.5450610Z INFO [2026-01-19 09:32:10.54]: Installing provisioning profile...
2026-01-19T09:32:10.5991810Z WARN [2026-01-19 09:32:10.59]: [33mSetting environment variable 'sigh_com.med.laughingdrops_appstore' to '67894dce-fa1b-4e87-bffb-8d59a0accc0b'[0m
2026-01-19T09:32:10.5993070Z WARN [2026-01-19 09:32:10.59]: [33mSetting environment variable 'sigh_com.med.laughingdrops_appstore_team-id' to '9C2WB6M3U5'[0m
2026-01-19T09:32:10.5994080Z WARN [2026-01-19 09:32:10.59]: [33mSetting environment variable 'sigh_com.med.laughingdrops_appstore_certificate-name' to 'Apple Distribution: RANECIA LAQUOWNDA SANDERS (9C2WB6M3U5)'[0m
2026-01-19T09:32:10.5995420Z WARN [2026-01-19 09:32:10.59]: [33mSetting environment variable 'sigh_com.med.laughingdrops_appstore_profile-name' to 'match AppStore com.med.laughingdrops'[0m
2026-01-19T09:32:10.5996770Z WARN [2026-01-19 09:32:10.59]: [33mSetting environment variable 'sigh_com.med.laughingdrops_appstore_profile-path' to '/Users/runner/Library/Developer/Xcode/UserData/Provisioning Profiles/67894dce-fa1b-4e87-bffb-8d59a0accc0b.mobileprovision'[0m
2026-01-19T09:32:10.6244490Z INFO [2026-01-19 09:32:10.62]: Installing provisioning profile...
2026-01-19T09:32:10.6748100Z WARN [2026-01-19 09:32:10.67]: [33mSetting environment variable 'sigh_com.med.laughingdrops.notifications_appstore' to '061c257b-45fe-43e0-9375-1fdcc42e33f9'[0m
2026-01-19T09:32:10.6749350Z WARN [2026-01-19 09:32:10.67]: [33mSetting environment variable 'sigh_com.med.laughingdrops.notifications_appstore_team-id' to '9C2WB6M3U5'[0m
2026-01-19T09:32:10.6750590Z WARN [2026-01-19 09:32:10.67]: [33mSetting environment variable 'sigh_com.med.laughingdrops.notifications_appstore_certificate-name' to 'Apple Distribution: RANECIA LAQUOWNDA SANDERS (9C2WB6M3U5)'[0m
2026-01-19T09:32:10.6752170Z WARN [2026-01-19 09:32:10.67]: [33mSetting environment variable 'sigh_com.med.laughingdrops.notifications_appstore_profile-name' to 'match AppStore com.med.laughingdrops.notifications'[0m
2026-01-19T09:32:10.6754140Z WARN [2026-01-19 09:32:10.67]: [33mSetting environment variable 'sigh_com.med.laughingdrops.notifications_appstore_profile-path' to '/Users/runner/Library/Developer/Xcode/UserData/Provisioning Profiles/061c257b-45fe-43e0-9375-1fdcc42e33f9.mobileprovision'[0m
2026-01-19T09:32:10.6755150Z 
2026-01-19T09:32:10.6757630Z +--------------------------------------------------------------------------------------------------------------------------------------------------------------------------------------------------------+
2026-01-19T09:32:10.6758650Z |                                                                                     [32mInstalled Provisioning Profile[0m                                                                                     |
2026-01-19T09:32:10.6759580Z +---------------------+------------------------------------------------------+---------------------------------------------------------------------------------------------------------------------------+
2026-01-19T09:32:10.6760400Z | Parameter           | Environment Variable                                 | Value                                                                                                                     |
2026-01-19T09:32:10.6761510Z +---------------------+------------------------------------------------------+---------------------------------------------------------------------------------------------------------------------------+
2026-01-19T09:32:10.6762340Z | App Identifier      |                                                      | com.med.laughingdrops                                                                                                     |
2026-01-19T09:32:10.6763050Z | Type                |                                                      | appstore                                                                                                                  |
2026-01-19T09:32:10.6764340Z | Platform            |                                                      | ios                                                                                                                       |
2026-01-19T09:32:10.6765090Z | Profile UUID        | sigh_com.med.laughingdrops_appstore                  | 67894dce-fa1b-4e87-bffb-8d59a0accc0b                                                                                      |
2026-01-19T09:32:10.6766080Z | Profile Name        | sigh_com.med.laughingdrops_appstore_profile-name     | match AppStore com.med.laughingdrops                                                                                      |
2026-01-19T09:32:10.6767130Z | Profile Path        | sigh_com.med.laughingdrops_appstore_profile-path     | /Users/runner/Library/Developer/Xcode/UserData/Provisioning Profiles/67894dce-fa1b-4e87-bffb-8d59a0accc0b.mobileprovision |
2026-01-19T09:32:10.6768310Z | Development Team ID | sigh_com.med.laughingdrops_appstore_team-id          | 9C2WB6M3U5                                                                                                                |
2026-01-19T09:32:10.6769290Z | Certificate Name    | sigh_com.med.laughingdrops_appstore_certificate-name | Apple Distribution: RANECIA LAQUOWNDA SANDERS (9C2WB6M3U5)                                                                |
2026-01-19T09:32:10.6770220Z +---------------------+------------------------------------------------------+---------------------------------------------------------------------------------------------------------------------------+
2026-01-19T09:32:10.6770670Z 
2026-01-19T09:32:10.6770670Z 
2026-01-19T09:32:10.6814760Z +----------------------------------------------------------------------------------------------------------------------------------------------------------------------------------------------------------------------+
2026-01-19T09:32:10.6815860Z |                                                                                            [32mInstalled Provisioning Profile[0m                                                                                            |
2026-01-19T09:32:10.6817010Z +---------------------+--------------------------------------------------------------------+---------------------------------------------------------------------------------------------------------------------------+
2026-01-19T09:32:10.6817820Z | Parameter           | Environment Variable                                               | Value                                                                                                                     |
2026-01-19T09:32:10.6818620Z +---------------------+--------------------------------------------------------------------+---------------------------------------------------------------------------------------------------------------------------+
2026-01-19T09:32:10.6819450Z | App Identifier      |                                                                    | com.med.laughingdrops.notifications                                                                                       |
2026-01-19T09:32:10.6820150Z | Type                |                                                                    | appstore                                                                                                                  |
2026-01-19T09:32:10.6820790Z | Platform            |                                                                    | ios                                                                                                                       |
2026-01-19T09:32:10.6821590Z | Profile UUID        | sigh_com.med.laughingdrops.notifications_appstore                  | 061c257b-45fe-43e0-9375-1fdcc42e33f9                                                                                      |
2026-01-19T09:32:10.6822620Z | Profile Name        | sigh_com.med.laughingdrops.notifications_appstore_profile-name     | match AppStore com.med.laughingdrops.notifications                                                                        |
2026-01-19T09:32:10.6823770Z | Profile Path        | sigh_com.med.laughingdrops.notifications_appstore_profile-path     | /Users/runner/Library/Developer/Xcode/UserData/Provisioning Profiles/061c257b-45fe-43e0-9375-1fdcc42e33f9.mobileprovision |
2026-01-19T09:32:10.6824840Z | Development Team ID | sigh_com.med.laughingdrops.notifications_appstore_team-id          | 9C2WB6M3U5                                                                                                                |
2026-01-19T09:32:10.6825860Z | Certificate Name    | sigh_com.med.laughingdrops.notifications_appstore_certificate-name | Apple Distribution: RANECIA LAQUOWNDA SANDERS (9C2WB6M3U5)                                                                |
2026-01-19T09:32:10.6827220Z +---------------------+--------------------------------------------------------------------+---------------------------------------------------------------------------------------------------------------------------+
2026-01-19T09:32:10.6827710Z 
2026-01-19T09:32:10.6828160Z INFO [2026-01-19 09:32:10.68]: [32m[32mAll required keys, certificates and provisioning profiles are installed ðŸ™Œ[0m
2026-01-19T09:32:10.6850770Z INFO [2026-01-19 09:32:10.68]: Setting Provisioning Profile type to 'app-store'
2026-01-19T09:32:10.6852130Z INFO [2026-01-19 09:32:10.68]: [32m-----------------------------------------------------[0m
2026-01-19T09:32:10.6852850Z INFO [2026-01-19 09:32:10.68]: [32mStep: security find-identity -v -p codesigning | grep 'Apple Distribution' | head -n 1 | awk -F '"' '{print $2}'[0m
2026-01-19T09:32:10.6853520Z INFO [2026-01-19 09:32:10.68]: [32m-----------------------------------------------------[0m
2026-01-19T09:32:10.6854220Z INFO [2026-01-19 09:32:10.68]: [36m$ security find-identity -v -p codesigning | grep 'Apple Distribution' | head -n 1 | awk -F '"' '{print $2}'[0m
2026-01-19T09:32:10.7150410Z INFO [2026-01-19 09:32:10.71]: â–¸ [35mApple Distribution: RANECIA LAQUOWNDA SANDERS (9C2WB6M3U5)[0m
2026-01-19T09:32:10.7156530Z INFO [2026-01-19 09:32:10.71]: [32m------------------------------------------[0m
2026-01-19T09:32:10.7157440Z INFO [2026-01-19 09:32:10.71]: [32m--- Step: update_code_signing_settings ---[0m
2026-01-19T09:32:10.7158480Z INFO [2026-01-19 09:32:10.71]: [32m------------------------------------------[0m
2026-01-19T09:32:10.7158910Z 
2026-01-19T09:32:10.7160570Z +------------------------------------------------------------------------------------+
2026-01-19T09:32:10.7161190Z |                         [32mSummary for code signing settings[0m                          |
2026-01-19T09:32:10.7161920Z +-----------------------+------------------------------------------------------------+
2026-01-19T09:32:10.7162420Z | use_automatic_signing | false                                                      |
2026-01-19T09:32:10.7163210Z | team_id               | 9C2WB6M3U5                                                 |
2026-01-19T09:32:10.7163690Z | targets               | ["LaughingDrops"]                                          |
2026-01-19T09:32:10.7164430Z | code_sign_identity    | Apple Distribution: RANECIA LAQUOWNDA SANDERS (9C2WB6M3U5) |
2026-01-19T09:32:10.7165010Z | sdk                   | iphoneos*                                                  |
2026-01-19T09:32:10.7165800Z | profile_name          | match AppStore com.med.laughingdrops                       |
2026-01-19T09:32:10.7166380Z | path                  | LaughingDrops.xcodeproj                                    |
2026-01-19T09:32:10.7167130Z +-----------------------+------------------------------------------------------------+
2026-01-19T09:32:10.7167460Z 
2026-01-19T09:32:10.7565940Z INFO [2026-01-19 09:32:10.75]: Updating the Automatic Codesigning flag to disabled for the given project '/Users/runner/work/IOS-Laughing-Drops/IOS-Laughing-Drops/LaughingDrops.xcodeproj/project.pbxproj'
2026-01-19T09:32:10.7567550Z WARN [2026-01-19 09:32:10.75]: [33mSet Team id to: 9C2WB6M3U5 for target: LaughingDrops for build configuration: Debug[0m
2026-01-19T09:32:10.7568810Z WARN [2026-01-19 09:32:10.75]: [33mSet Code Sign identity to: Apple Distribution: RANECIA LAQUOWNDA SANDERS (9C2WB6M3U5) for target: LaughingDrops for build configuration: Debug[0m
2026-01-19T09:32:10.7570110Z WARN [2026-01-19 09:32:10.75]: [33mSet Provisioning Profile name to: match AppStore com.med.laughingdrops for target: LaughingDrops for build configuration: Debug[0m
2026-01-19T09:32:10.7571420Z WARN [2026-01-19 09:32:10.75]: [33mSet Team id to: 9C2WB6M3U5 for target: LaughingDrops for build configuration: Release[0m
2026-01-19T09:32:10.7578000Z WARN [2026-01-19 09:32:10.75]: [33mSet Code Sign identity to: Apple Distribution: RANECIA LAQUOWNDA SANDERS (9C2WB6M3U5) for target: LaughingDrops for build configuration: Release[0m
2026-01-19T09:32:10.7579410Z WARN [2026-01-19 09:32:10.75]: [33mSet Provisioning Profile name to: match AppStore com.med.laughingdrops for target: LaughingDrops for build configuration: Release[0m
2026-01-19T09:32:10.7580160Z WARN [2026-01-19 09:32:10.75]: [33mSkipping notifications not selected (LaughingDrops)[0m
2026-01-19T09:32:10.7626250Z INFO [2026-01-19 09:32:10.76]: [32mSuccessfully updated project settings to use Code Sign Style = 'Manual'[0m
2026-01-19T09:32:10.7636810Z INFO [2026-01-19 09:32:10.76]: [32mModified Targets:[0m
2026-01-19T09:32:10.7640750Z INFO [2026-01-19 09:32:10.76]: [32m	 * LaughingDrops[0m
2026-01-19T09:32:10.7642240Z INFO [2026-01-19 09:32:10.76]: [32mModified Build Configurations:[0m
2026-01-19T09:32:10.7643180Z INFO [2026-01-19 09:32:10.76]: [32m	 * Debug[0m
2026-01-19T09:32:10.7644290Z INFO [2026-01-19 09:32:10.76]: [32m	 * Release[0m
2026-01-19T09:32:10.7648310Z INFO [2026-01-19 09:32:10.76]: [32m------------------------------------------[0m
2026-01-19T09:32:10.7648890Z INFO [2026-01-19 09:32:10.76]: [32m--- Step: update_code_signing_settings ---[0m
2026-01-19T09:32:10.7649430Z INFO [2026-01-19 09:32:10.76]: [32m------------------------------------------[0m
2026-01-19T09:32:10.7649760Z 
2026-01-19T09:32:10.7651740Z +------------------------------------------------------------------------------------+
2026-01-19T09:32:10.7652750Z |                         [32mSummary for code signing settings[0m                          |
2026-01-19T09:32:10.7653290Z +-----------------------+------------------------------------------------------------+
2026-01-19T09:32:10.7654120Z | use_automatic_signing | false                                                      |
2026-01-19T09:32:10.7654610Z | team_id               | 9C2WB6M3U5                                                 |
2026-01-19T09:32:10.7655090Z | targets               | ["notifications"]                                          |
2026-01-19T09:32:10.7655610Z | code_sign_identity    | Apple Distribution: RANECIA LAQUOWNDA SANDERS (9C2WB6M3U5) |
2026-01-19T09:32:10.7656330Z | sdk                   | iphoneos*                                                  |
2026-01-19T09:32:10.7656860Z | profile_name          | match AppStore com.med.laughingdrops.notifications         |
2026-01-19T09:32:10.7657390Z | path                  | LaughingDrops.xcodeproj                                    |
2026-01-19T09:32:10.7657900Z +-----------------------+------------------------------------------------------------+
2026-01-19T09:32:10.7658460Z 
2026-01-19T09:32:10.7682960Z INFO [2026-01-19 09:32:10.76]: Updating the Automatic Codesigning flag to disabled for the given project '/Users/runner/work/IOS-Laughing-Drops/IOS-Laughing-Drops/LaughingDrops.xcodeproj/project.pbxproj'
2026-01-19T09:32:10.7684040Z WARN [2026-01-19 09:32:10.76]: [33mSkipping LaughingDrops not selected (notifications)[0m
2026-01-19T09:32:10.7684820Z WARN [2026-01-19 09:32:10.76]: [33mSet Team id to: 9C2WB6M3U5 for target: notifications for build configuration: Debug[0m
2026-01-19T09:32:10.7685840Z WARN [2026-01-19 09:32:10.76]: [33mSet Code Sign identity to: Apple Distribution: RANECIA LAQUOWNDA SANDERS (9C2WB6M3U5) for target: notifications for build configuration: Debug[0m
2026-01-19T09:32:10.7687980Z WARN [2026-01-19 09:32:10.76]: [33mSet Provisioning Profile name to: match AppStore com.med.laughingdrops.notifications for target: notifications for build configuration: Debug[0m
2026-01-19T09:32:10.7692260Z WARN [2026-01-19 09:32:10.76]: [33mSet Team id to: 9C2WB6M3U5 for target: notifications for build configuration: Release[0m
2026-01-19T09:32:10.7693420Z WARN [2026-01-19 09:32:10.76]: [33mSet Code Sign identity to: Apple Distribution: RANECIA LAQUOWNDA SANDERS (9C2WB6M3U5) for target: notifications for build configuration: Release[0m
2026-01-19T09:32:10.7694570Z WARN [2026-01-19 09:32:10.76]: [33mSet Provisioning Profile name to: match AppStore com.med.laughingdrops.notifications for target: notifications for build configuration: Release[0m
2026-01-19T09:32:10.7778460Z INFO [2026-01-19 09:32:10.77]: [32mSuccessfully updated project settings to use Code Sign Style = 'Manual'[0m
2026-01-19T09:32:10.7779250Z INFO [2026-01-19 09:32:10.77]: [32mModified Targets:[0m
2026-01-19T09:32:10.7779760Z INFO [2026-01-19 09:32:10.77]: [32m	 * notifications[0m
2026-01-19T09:32:10.7780240Z INFO [2026-01-19 09:32:10.77]: [32mModified Build Configurations:[0m
2026-01-19T09:32:10.7780740Z INFO [2026-01-19 09:32:10.77]: [32m	 * Debug[0m
2026-01-19T09:32:10.7781500Z INFO [2026-01-19 09:32:10.77]: [32m	 * Release[0m
2026-01-19T09:32:10.8032400Z INFO [2026-01-19 09:32:10.80]: [32m-----------------------[0m
2026-01-19T09:32:10.8033010Z INFO [2026-01-19 09:32:10.80]: [32m--- Step: build_app ---[0m
2026-01-19T09:32:10.8033560Z INFO [2026-01-19 09:32:10.80]: [32m-----------------------[0m
2026-01-19T09:32:10.8034070Z DEBUG [2026-01-19 09:32:10.80]: Merging provisioning profile mappings
2026-01-19T09:32:10.8034530Z DEBUG [2026-01-19 09:32:10.80]: -------------------------------------
2026-01-19T09:32:10.8035260Z DEBUG [2026-01-19 09:32:10.80]: Primary provisioning profile mapping:
2026-01-19T09:32:10.8035690Z DEBUG [2026-01-19 09:32:10.80]: {}
2026-01-19T09:32:10.8036100Z DEBUG [2026-01-19 09:32:10.80]: Secondary provisioning profile mapping:
2026-01-19T09:32:10.8037230Z DEBUG [2026-01-19 09:32:10.80]: {:"com.med.laughingdrops"=>"match AppStore com.med.laughingdrops", :"com.med.laughingdrops.notifications"=>"match AppStore com.med.laughingdrops.notifications"}
2026-01-19T09:32:10.8038110Z DEBUG [2026-01-19 09:32:10.80]: Resulting in the following mapping:
2026-01-19T09:32:10.8038920Z DEBUG [2026-01-19 09:32:10.80]: {:"com.med.laughingdrops"=>"match AppStore com.med.laughingdrops", :"com.med.laughingdrops.notifications"=>"match AppStore com.med.laughingdrops.notifications"}
2026-01-19T09:32:10.8232780Z WARN [2026-01-19 09:32:10.82]: [33mResolving Swift Package Manager dependencies...[0m
2026-01-19T09:32:10.8233560Z INFO [2026-01-19 09:32:10.82]: [36m$ xcodebuild -resolvePackageDependencies -workspace ./LaughingDrops.xcworkspace -scheme LaughingDrops[0m
2026-01-19T09:32:11.8582880Z INFO [2026-01-19 09:32:11.85]: â–¸ [35mCommand line invocation:[0m
2026-01-19T09:32:11.8586200Z INFO [2026-01-19 09:32:11.85]: â–¸ [35m    /Applications/Xcode_16.3.app/Contents/Developer/usr/bin/xcodebuild -resolvePackageDependencies -workspace ./LaughingDrops.xcworkspace -scheme LaughingDrops[0m
2026-01-19T09:32:16.1718050Z INFO [2026-01-19 09:32:16.14]: â–¸ [35mresolved source packages: [0m
2026-01-19T09:32:16.2055160Z INFO [2026-01-19 09:32:16.19]: [36m$ xcodebuild -showBuildSettings -workspace ./LaughingDrops.xcworkspace -scheme LaughingDrops 2>&1[0m
2026-01-19T09:32:19.0312550Z DEBUG [2026-01-19 09:32:19.02]: Parsing project file '/Users/runner/work/IOS-Laughing-Drops/IOS-Laughing-Drops/LaughingDrops.xcodeproj' to find selected provisioning profiles
2026-01-19T09:32:19.0328540Z DEBUG [2026-01-19 09:32:19.03]: Finding provision profiles for 'Release'
2026-01-19T09:32:19.1118180Z DEBUG [2026-01-19 09:32:19.11]: Merging provisioning profile mappings
2026-01-19T09:32:19.1120980Z DEBUG [2026-01-19 09:32:19.11]: -------------------------------------
2026-01-19T09:32:19.1121730Z DEBUG [2026-01-19 09:32:19.11]: Primary provisioning profile mapping:
2026-01-19T09:32:19.1122870Z DEBUG [2026-01-19 09:32:19.11]: {:"com.med.laughingdrops"=>"match AppStore com.med.laughingdrops", :"com.med.laughingdrops.notifications"=>"match AppStore com.med.laughingdrops.notifications"}
2026-01-19T09:32:19.1124610Z DEBUG [2026-01-19 09:32:19.11]: Secondary provisioning profile mapping:
2026-01-19T09:32:19.1125510Z DEBUG [2026-01-19 09:32:19.11]: {}
2026-01-19T09:32:19.1126440Z DEBUG [2026-01-19 09:32:19.11]: Resulting in the following mapping:
2026-01-19T09:32:19.1127420Z DEBUG [2026-01-19 09:32:19.11]: {:"com.med.laughingdrops"=>"match AppStore com.med.laughingdrops", :"com.med.laughingdrops.notifications"=>"match AppStore com.med.laughingdrops.notifications"}
2026-01-19T09:32:19.1148280Z INFO [2026-01-19 09:32:19.11]: Detected provisioning profile mapping: {:"com.med.laughingdrops"=>"match AppStore com.med.laughingdrops", :"com.med.laughingdrops.notifications"=>"match AppStore com.med.laughingdrops.notifications"}
2026-01-19T09:32:19.1801270Z 
2026-01-19T09:32:19.1843850Z +-------------------------------------------------------------------------------------------------------------------------------------+
2026-01-19T09:32:19.1885420Z |                                                       [32mSummary for gym 2.231.0[0m                                                       |
2026-01-19T09:32:19.1893830Z +-------------------------------------------------------------------------+-----------------------------------------------------------+
2026-01-19T09:32:19.1922190Z | scheme                                                                  | LaughingDrops                                             |
2026-01-19T09:32:19.1957720Z | xcargs                                                                  | -allowProvisioningUpdates                                 |
2026-01-19T09:32:19.1984720Z | export_team_id                                                          | 9C2WB6M3U5                                                |
2026-01-19T09:32:19.1993290Z | export_method                                                           | app-store                                                 |
2026-01-19T09:32:19.2019320Z | export_options.provisioningProfiles.com.med.laughingdrops               | match AppStore com.med.laughingdrops                      |
2026-01-19T09:32:19.2039090Z | export_options.provisioningProfiles.com.med.laughingdrops.notifications | match AppStore com.med.laughingdrops.notifications        |
2026-01-19T09:32:19.2044430Z | workspace                                                               | ./LaughingDrops.xcworkspace                               |
2026-01-19T09:32:19.2046340Z | clean                                                                   | false                                                     |
2026-01-19T09:32:19.2048780Z | output_directory                                                        | .                                                         |
2026-01-19T09:32:19.2050650Z | output_name                                                             | LaughingDrops                                             |
2026-01-19T09:32:19.2052490Z | silent                                                                  | false                                                     |
2026-01-19T09:32:19.2054180Z | skip_package_ipa                                                        | false                                                     |
2026-01-19T09:32:19.2055920Z | skip_package_pkg                                                        | false                                                     |
2026-01-19T09:32:19.2058430Z | build_path                                                              | /Users/runner/Library/Developer/Xcode/Archives/2026-01-19 |
2026-01-19T09:32:19.2060200Z | result_bundle                                                           | false                                                     |
2026-01-19T09:32:19.2062040Z | buildlog_path                                                           | ~/Library/Logs/gym                                        |
2026-01-19T09:32:19.2063870Z | destination                                                             | generic/platform=iOS                                      |
2026-01-19T09:32:19.2066190Z | xcodebuild_formatter                                                    | xcbeautify                                                |
2026-01-19T09:32:19.2123950Z | build_timing_summary                                                    | false                                                     |
2026-01-19T09:32:19.2128180Z | skip_profile_detection                                                  | false                                                     |
2026-01-19T09:32:19.2149510Z | xcodebuild_command                                                      | xcodebuild                                                |
2026-01-19T09:32:19.2175210Z | skip_package_dependencies_resolution                                    | false                                                     |
2026-01-19T09:32:19.2227430Z | disable_package_automatic_updates                                       | false                                                     |
2026-01-19T09:32:19.2228450Z | use_system_scm                                                          | false                                                     |
2026-01-19T09:32:19.2229260Z | generate_appstore_info                                                  | false                                                     |
2026-01-19T09:32:19.2234970Z | xcode_path                                                              | /Applications/Xcode_16.3.app                              |
2026-01-19T09:32:19.2235790Z +-------------------------------------------------------------------------+-----------------------------------------------------------+
2026-01-19T09:32:19.2236340Z 
2026-01-19T09:32:19.2236870Z +---------------------------------------------------------------------------------------------------------------------------------------------+
2026-01-19T09:32:19.2239460Z |                                                           [32mGenerated Build Command[0m                                                           |
2026-01-19T09:32:19.2242300Z +----------------------------------------------------------------------------------------------------------------------+----------------------+
2026-01-19T09:32:19.2243090Z | Option                                                                                                               | Value                |
2026-01-19T09:32:19.2246280Z +----------------------------------------------------------------------------------------------------------------------+----------------------+
2026-01-19T09:32:19.2249960Z | set -o pipefail &&                                                                                                   |                      |
2026-01-19T09:32:19.2258380Z | xcodebuild                                                                                                           |                      |
2026-01-19T09:32:19.2259350Z | -workspace ./LaughingDrops.xcworkspace                                                                               |                      |
2026-01-19T09:32:19.2260450Z | -scheme LaughingDrops                                                                                                |                      |
2026-01-19T09:32:19.2264720Z | -destination                                                                                                         | generic/platform=iOS |
2026-01-19T09:32:19.2265900Z | -archivePath /Users/runner/Library/Developer/Xcode/Archives/2026-01-19/LaughingDrops\ 2026-01-19\ 09.32.19.xcarchive |                      |
2026-01-19T09:32:19.2267950Z | -allowProvisioningUpdates                                                                                            |                      |
2026-01-19T09:32:19.2268810Z | archive                                                                                                              |                      |
2026-01-19T09:32:19.2271660Z | | tee /Users/runner/Library/Logs/gym/LaughingDrops-LaughingDrops.log                                                 |                      |
2026-01-19T09:32:19.2272590Z | | xcbeautify                                                                                                         |                      |
2026-01-19T09:32:19.2273360Z +----------------------------------------------------------------------------------------------------------------------+----------------------+
2026-01-19T09:32:19.2276160Z INFO [2026-01-19 09:32:19.19]: [36m$ set -o pipefail && xcodebuild -workspace ./LaughingDrops.xcworkspace -scheme LaughingDrops -destination 'generic/platform=iOS' -archivePath /Users/runner/Library/Developer/Xcode/Archives/2026-01-19/LaughingDrops\ 2026-01-19\ 09.32.19.xcarchive -allowProvisioningUpdates archive | tee /Users/runner/Library/Logs/gym/LaughingDrops-LaughingDrops.log | xcbeautify[0m
2026-01-19T09:32:19.2486520Z INFO [2026-01-19 09:32:19.24]: â–¸ [35m----- xcbeautify -----[0m
2026-01-19T09:32:19.2488070Z INFO [2026-01-19 09:32:19.24]: â–¸ [35mVersion: 3.1.2[0m
2026-01-19T09:32:19.2488660Z INFO [2026-01-19 09:32:19.24]: â–¸ [35m----------------------[0m
2026-01-19T09:32:20.8246420Z INFO [2026-01-19 09:32:20.82]: â–¸ [35m[36;1mnote: [0mBuilding targets in dependency order[0m
2026-01-19T09:32:20.9050440Z INFO [2026-01-19 09:32:20.90]: â–¸ [35m[36;1mnote: [0mTarget dependency graph (2 targets)[0m
2026-01-19T09:32:31.5759520Z INFO [2026-01-19 09:32:31.57]: â–¸ [35m[[36mnotifications[0m] [1mWrite Auxiliary File[0m notifications.hmap[0m
2026-01-19T09:32:31.5861110Z INFO [2026-01-19 09:32:31.57]: â–¸ [35m[[36mnotifications[0m] [1mWrite Auxiliary File[0m notifications.DependencyStaticMetadataFileList[0m
2026-01-19T09:32:31.5886510Z INFO [2026-01-19 09:32:31.57]: â–¸ [35m[[36mnotifications[0m] [1mWrite Auxiliary File[0m notifications.DependencyMetadataFileList[0m
2026-01-19T09:32:31.5887950Z INFO [2026-01-19 09:32:31.57]: â–¸ [35m[[36mnotifications[0m] [1mWrite Auxiliary File[0m notifications-project-headers.hmap[0m
2026-01-19T09:32:31.5893820Z INFO [2026-01-19 09:32:31.57]: â–¸ [35m[[36mnotifications[0m] [1mWrite Auxiliary File[0m notifications-own-target-headers.hmap[0m
2026-01-19T09:32:31.5895240Z INFO [2026-01-19 09:32:31.57]: â–¸ [35m[[36mnotifications[0m] [1mWrite Auxiliary File[0m notifications-generated-files.hmap[0m
2026-01-19T09:32:31.5900260Z INFO [2026-01-19 09:32:31.57]: â–¸ [35m[[36mnotifications[0m] [1mWrite Auxiliary File[0m notifications-all-target-headers.hmap[0m
2026-01-19T09:32:31.5901560Z INFO [2026-01-19 09:32:31.57]: â–¸ [35m[[36mnotifications[0m] [1mWrite Auxiliary File[0m notifications-all-non-framework-target-headers.hmap[0m
2026-01-19T09:32:31.5903030Z INFO [2026-01-19 09:32:31.57]: â–¸ [35m[[36mnotifications[0m] [1mWrite Auxiliary File[0m notifications_const_extract_protocols.json[0m
2026-01-19T09:32:31.5906870Z INFO [2026-01-19 09:32:31.57]: â–¸ [35m[[36mnotifications[0m] [1mWrite Auxiliary File[0m notifications.SwiftFileList[0m
2026-01-19T09:32:31.5911280Z INFO [2026-01-19 09:32:31.57]: â–¸ [35m[[36mnotifications[0m] [1mWrite Auxiliary File[0m notifications.SwiftConstValuesFileList[0m
2026-01-19T09:32:31.5912650Z INFO [2026-01-19 09:32:31.57]: â–¸ [35m[[36mnotifications[0m] [1mWrite Auxiliary File[0m notifications.LinkFileList[0m
2026-01-19T09:32:31.5913940Z INFO [2026-01-19 09:32:31.57]: â–¸ [35m[[36mnotifications[0m] [1mWrite Auxiliary File[0m notifications-OutputFileMap.json[0m
2026-01-19T09:32:31.5915340Z INFO [2026-01-19 09:32:31.57]: â–¸ [35m[[36mnotifications[0m] [1mWrite Auxiliary File[0m Entitlements.plist[0m
2026-01-19T09:32:31.5919020Z INFO [2026-01-19 09:32:31.57]: â–¸ [35m[[36mLaughingDrops[0m] [1mWrite Auxiliary File[0m empty-LaughingDrops.plist[0m
2026-01-19T09:32:31.5920360Z INFO [2026-01-19 09:32:31.57]: â–¸ [35m[[36mLaughingDrops[0m] [1mWrite Auxiliary File[0m LaughingDrops_const_extract_protocols.json[0m
2026-01-19T09:32:31.5925180Z INFO [2026-01-19 09:32:31.57]: â–¸ [35m[[36mLaughingDrops[0m] [1mWrite Auxiliary File[0m LaughingDrops.SwiftFileList[0m
2026-01-19T09:32:31.5926460Z INFO [2026-01-19 09:32:31.57]: â–¸ [35m[[36mLaughingDrops[0m] [1mWrite Auxiliary File[0m LaughingDrops.SwiftConstValuesFileList[0m
2026-01-19T09:32:31.6070220Z INFO [2026-01-19 09:32:31.57]: â–¸ [35m[[36mLaughingDrops[0m] [1mWrite Auxiliary File[0m LaughingDrops.LinkFileList[0m
2026-01-19T09:32:31.6175020Z INFO [2026-01-19 09:32:31.57]: â–¸ [35m[[36mLaughingDrops[0m] [1mWrite Auxiliary File[0m LaughingDrops-OutputFileMap.json[0m
2026-01-19T09:32:31.6295680Z INFO [2026-01-19 09:32:31.57]: â–¸ [35m[[36mLaughingDrops[0m] [1mWrite Auxiliary File[0m LaughingDrops.hmap[0m
2026-01-19T09:32:31.6457720Z INFO [2026-01-19 09:32:31.57]: â–¸ [35m[[36mLaughingDrops[0m] [1mWrite Auxiliary File[0m LaughingDrops.DependencyStaticMetadataFileList[0m
2026-01-19T09:32:31.6594860Z INFO [2026-01-19 09:32:31.57]: â–¸ [35m[[36mLaughingDrops[0m] [1mWrite Auxiliary File[0m LaughingDrops.DependencyMetadataFileList[0m
2026-01-19T09:32:31.6706280Z INFO [2026-01-19 09:32:31.57]: â–¸ [35m[[36mLaughingDrops[0m] [1mWrite Auxiliary File[0m LaughingDrops-project-headers.hmap[0m
2026-01-19T09:32:31.6811510Z INFO [2026-01-19 09:32:31.57]: â–¸ [35m[[36mLaughingDrops[0m] [1mWrite Auxiliary File[0m LaughingDrops-own-target-headers.hmap[0m
2026-01-19T09:32:31.6943730Z INFO [2026-01-19 09:32:31.57]: â–¸ [35m[[36mLaughingDrops[0m] [1mWrite Auxiliary File[0m LaughingDrops-generated-files.hmap[0m
2026-01-19T09:32:31.7049000Z INFO [2026-01-19 09:32:31.57]: â–¸ [35m[[36mLaughingDrops[0m] [1mWrite Auxiliary File[0m LaughingDrops-all-target-headers.hmap[0m
2026-01-19T09:32:31.7153130Z INFO [2026-01-19 09:32:31.57]: â–¸ [35m[[36mLaughingDrops[0m] [1mWrite Auxiliary File[0m LaughingDrops-all-non-framework-target-headers.hmap[0m
2026-01-19T09:32:31.7264450Z INFO [2026-01-19 09:32:31.57]: â–¸ [35m[[36mLaughingDrops[0m] [1mWrite Auxiliary File[0m Entitlements.plist[0m
2026-01-19T09:32:31.7375280Z INFO [2026-01-19 09:32:31.57]: â–¸ [35m[[36mnotifications[0m] [1mProcessing[0m Info.plist[0m
2026-01-19T09:32:31.9554790Z INFO [2026-01-19 09:32:31.95]: â–¸ [35m[[36mnotifications[0m] [1mCompiling[0m NotificationService.swift[0m
2026-01-19T09:32:35.8072110Z INFO [2026-01-19 09:32:35.80]: â–¸ [35m[[36mnotifications[0m] [1mCopy[0m arm64-apple-ios.swiftmodule -> notifications.swiftmodule[0m
2026-01-19T09:32:35.8259460Z INFO [2026-01-19 09:32:35.82]: â–¸ [35m[[36mnotifications[0m] [1mCopy[0m arm64-apple-ios.swiftdoc -> notifications.swiftdoc[0m
2026-01-19T09:32:35.8373730Z INFO [2026-01-19 09:32:35.82]: â–¸ [35m[[36mnotifications[0m] [1mCopy[0m arm64-apple-ios.abi.json -> notifications.abi.json[0m
2026-01-19T09:32:35.8500530Z INFO [2026-01-19 09:32:35.82]: â–¸ [35m[[36mnotifications[0m] [1mLinking[0m notifications[0m
2026-01-19T09:32:36.3143400Z INFO [2026-01-19 09:32:36.30]: â–¸ [35m[[36mLaughingDrops[0m] [1mGenerate Asset Symbols[0m Assets.xcassets[0m
2026-01-19T09:32:51.6508210Z INFO [2026-01-19 09:32:51.64]: â–¸ [35m[[36mnotifications[0m] [1mGenerating[0m notifications.appex.dSYM[0m
2026-01-19T09:32:51.6612130Z INFO [2026-01-19 09:32:51.64]: â–¸ [35m[[36mnotifications[0m] [1mExtract App Intents Metadata[0m
2026-01-19T09:32:51.6787970Z INFO [2026-01-19 09:32:51.64]: â–¸ [35m[1mSigning[0m notifications.appex (in target 'notifications' from project 'LaughingDrops')[0m
2026-01-19T09:32:51.6894550Z INFO [2026-01-19 09:32:51.64]: â–¸ [35m[[36mnotifications[0m] [1mRegisterExecutionPolicyException[0m notifications.appex[0m
2026-01-19T09:32:51.6994660Z INFO [2026-01-19 09:32:51.64]: â–¸ [35m[[36mnotifications[0m] [1mTouching[0m notifications.appex[0m
2026-01-19T09:32:51.7100630Z INFO [2026-01-19 09:32:51.64]: â–¸ [35m[[36mLaughingDrops[0m] [1mCopying[0m GoogleService-Info.plist[0m
2026-01-19T09:32:51.7203070Z INFO [2026-01-19 09:32:51.65]: â–¸ [35m** ARCHIVE FAILED **[0m
2026-01-19T09:32:51.7306710Z INFO [2026-01-19 09:32:51.65]: â–¸ [35mThe following build commands failed:[0m
2026-01-19T09:32:51.7487840Z INFO [2026-01-19 09:32:51.65]: â–¸ [35m	SwiftCompile normal arm64 Compiling\ WaterTrackerScreen.swift,\ WaterChartScreen.swift,\ AppViewModel.swift,\ NotificationSettingsView.swift,\ OrientationLock.swift,\ NotificationSettings.swift,\ LogStore.swift,\ NotificationManager.swift,\ AppLogger.swift,\ MainTabView.swift,\ AppConfig.swift,\ HistoryStore.swift,\ ServerAPI.swift,\ WebWindow.swift,\ CircularProgressView.swift,\ FCMTokenStore.swift,\ WebViewScreen.swift,\ CalendarScreen.swift,\ ConversionDataStore.swift,\ NoInternetScreen.swift,\ BackgroundView.swift,\ AppsFlyerProvider.swift,\ LoadingView.swift,\ AdviceView.swift,\ GameWindow.swift,\ AchievementsScreen.swift,\ FirstLaunchScreen.swift,\ ContentView.swift,\ LaughingDropsApp.swift,\ ConsoleView.swift,\ AppDelegate.swift,\ GeneratedAssetSymbols.swift /Users/runner/work/IOS-Laughing-Drops/IOS-Laughing-Drops/LaughingDrops/Game/WaterTrackerScreen.swift /Users/runner/work/IOS-Laughing-Drops/IOS-Laughing-Drops/LaughingDrops/Game/WaterChartScreen.swift /Users/runner/work/IOS-Laughing-Drops/IOS-Laughing-Drops/LaughingDrops/ViewModels/AppViewModel.swift /Users/runner/work/IOS-Laughing-Drops/IOS-Laughing-Drops/LaughingDrops/Game/NotificationSettingsView.swift /Users/runner/work/IOS-Laughing-Drops/IOS-Laughing-Drops/LaughingDrops/Utils/OrientationLock.swift /Users/runner/work/IOS-Laughing-Drops/IOS-Laughing-Drops/LaughingDrops/Game/NotificationSettings.swift /Users/runner/work/IOS-Laughing-Drops/IOS-Laughing-Drops/LaughingDrops/Utils/LogStore.swift /Users/runner/work/IOS-Laughing-Drops/IOS-Laughing-Drops/LaughingDrops/Game/NotificationManager.swift /Users/runner/work/IOS-Laughing-Drops/IOS-Laughing-Drops/LaughingDrops/Utils/AppLogger.swift /Users/runner/work/IOS-Laughing-Drops/IOS-Laughing-Drops/LaughingDrops/Game/MainTabView.swift /Users/runner/work/IOS-Laughing-Drops/IOS-Laughing-Drops/LaughingDrops/AppConfig.swift /Users/runner/work/IOS-Laughing-Drops/IOS-Laughing-Drops/LaughingDrops/Game/HistoryStore.swift /Users/runner/work/IOS-Laughing-Drops/IOS-Laughing-Drops/LaughingDrops/Services/ServerAPI.swift /Users/runner/work/IOS-Laughing-Drops/IOS-Laughing-Drops/LaughingDrops/Views/WebWindow.swift /Users/runner/work/IOS-Laughing-Drops/IOS-Laughing-Drops/LaughingDrops/Game/CircularProgressView.swift /Users/runner/work/IOS-Laughing-Drops/IOS-Laughing-Drops/LaughingDrops/Services/FCMTokenStore.swift /Users/runner/work/IOS-Laughing-Drops/IOS-Laughing-Drops/LaughingDrops/Views/WebViewScreen.swift /Users/runner/work/IOS-Laughing-Drops/IOS-Laughing-Drops/LaughingDrops/Game/CalendarScreen.swift /Users/runner/work/IOS-Laughing-Drops/IOS-Laughing-Drops/LaughingDrops/Services/ConversionDataStore.swift /Users/runner/work/IOS-Laughing-Drops/IOS-Laughing-Drops/LaughingDrops/Views/NoInternetScreen.swift /Users/runner/work/IOS-Laughing-Drops/IOS-Laughing-Drops/LaughingDrops/Game/BackgroundView.swift /Users/runner/work/IOS-Laughing-Drops/IOS-Laughing-Drops/LaughingDrops/Services/AppsFlyerProvider.swift /Users/runner/work/IOS-Laughing-Drops/IOS-Laughing-Drops/LaughingDrops/Views/LoadingView.swift /Users/runner/work/IOS-Laughing-Drops/IOS-Laughing-Drops/LaughingDrops/Game/AdviceView.swift /Users/runner/work/IOS-Laughing-Drops/IOS-Laughing-Drops/LaughingDrops/Views/GameWindow.swift /Users/runner/work/IOS-Laughing-Drops/IOS-Laughing-Drops/LaughingDrops/Game/AchievementsScreen.swift /Users/runner/work/IOS-Laughing-Drops/IOS-Laughing-Drops/LaughingDrops/Views/FirstLaunchScreen.swift /Users/runner/work/IOS-Laughing-Drops/IOS-Laughing-Drops/LaughingDrops/Views/ContentView.swift /Users/runner/work/IOS-Laughing-Drops/IOS-Laughing-Drops/LaughingDrops/App/LaughingDropsApp.swift /Users/runner/work/IOS-Laughing-Drops/IOS-Laughing-Drops/LaughingDrops/Views/ConsoleView.swift /Users/runner/work/IOS-Laughing-Drops/IOS-Laughing-Drops/LaughingDrops/App/AppDelegate.swift /Users/runner/Library/Developer/Xcode/DerivedData/LaughingDrops-argujkggthgbhnhjapouggmpqonk/Build/Intermediates.noindex/ArchiveIntermediates/LaughingDrops/IntermediateBuildFilesPath/LaughingDrops.build/Release-iphoneos/LaughingDrops.build/DerivedSources/GeneratedAssetSymbols.swift (in target 'LaughingDrops' from project 'LaughingDrops')[0m
2026-01-19T09:32:51.7515670Z INFO [2026-01-19 09:32:51.65]: â–¸ [35m	CompileSwift normal arm64 (in target 'LaughingDrops' from project 'LaughingDrops')[0m
2026-01-19T09:32:51.7618220Z INFO [2026-01-19 09:32:51.66]: â–¸ [35m	Archiving workspace LaughingDrops with scheme LaughingDrops[0m
2026-01-19T09:32:51.7723470Z INFO [2026-01-19 09:32:51.66]: â–¸ [35m(3 failures)[0m
2026-01-19T09:32:51.7862110Z INFO [2026-01-19 09:32:51.69]: â–¸ [35m::error file=/Users/runner/work/IOS-Laughing-Drops/IOS-Laughing-Drops/LaughingDrops/ViewModels/AppViewModel.swift,line=3,col=8::no such module 'AppsFlyerLib'[0m
2026-01-19T09:32:51.7953510Z INFO [2026-01-19 09:32:51.69]: â–¸ [35mimport AppsFlyerLib[0m
2026-01-19T09:32:51.8056080Z INFO [2026-01-19 09:32:51.69]: â–¸ [35m       ^[0m
2026-01-19T09:32:51.8065070Z bundler: failed to load command: fastlane (/Users/runner/work/IOS-Laughing-Drops/IOS-Laughing-Drops/vendor/bundle/ruby/3.3.0/bin/fastlane)
2026-01-19T09:32:51.8158880Z INFO [2026-01-19 09:32:51.69]: â–¸ [35m[36;1mnote: [0mDisabling previews because SWIFT_VERSION is set and SWIFT_OPTIMIZATION_LEVEL=-O, expected -Onone (in target 'notifications' from project 'LaughingDrops')[0m
2026-01-19T09:32:51.8169110Z /Users/runner/work/IOS-Laughing-Drops/IOS-Laughing-Drops/vendor/bundle/ruby/3.3.0/gems/fastlane-2.231.0/fastlane_core/lib/fastlane_core/ui/interface.rb:163:in `build_failure!': [31m[!] Error building the application - see the log above[0m (FastlaneCore::Interface::FastlaneBuildFailure)
2026-01-19T09:32:51.8259190Z INFO [2026-01-19 09:32:51.69]: â–¸ [35m[36;1mnote: [0mDisabling previews because SWIFT_VERSION is set and SWIFT_OPTIMIZATION_LEVEL=-O, expected -Onone (in target 'LaughingDrops' from project 'LaughingDrops')[0m
2026-01-19T09:32:51.8272640Z 	from /Users/runner/work/IOS-Laughing-Drops/IOS-Laughing-Drops/vendor/bundle/ruby/3.3.0/gems/fastlane-2.231.0/fastlane_core/lib/fastlane_core/ui/ui.rb:17:in `method_missing'
2026-01-19T09:32:51.8360820Z ERROR [2026-01-19 09:32:51.69]: [31mExit status: 65[0m
2026-01-19T09:32:51.8376470Z 	from /Users/runner/work/IOS-Laughing-Drops/IOS-Laughing-Drops/vendor/bundle/ruby/3.3.0/gems/fastlane-2.231.0/gym/lib/gym/error_handler.rb:73:in `handle_build_error'
2026-01-19T09:32:51.8461800Z INFO [2026-01-19 09:32:51.71]: 
2026-01-19T09:32:51.8521570Z 	from /Users/runner/work/IOS-Laughing-Drops/IOS-Laughing-Drops/vendor/bundle/ruby/3.3.0/gems/fastlane-2.231.0/gym/lib/gym/runner.rb:115:in `block in build_app'
2026-01-19T09:32:51.8653500Z 	from /Users/runner/work/IOS-Laughing-Drops/IOS-Laughing-Drops/vendor/bundle/ruby/3.3.0/gems/fastlane-2.231.0/fastlane_core/lib/fastlane_core/command_executor.rb:86:in `execute'
2026-01-19T09:32:51.8656220Z WARN [2026-01-19 09:32:51.71]: [33mMaybe the error shown is caused by using the wrong version of Xcode[0m
2026-01-19T09:32:51.8657090Z WARN [2026-01-19 09:32:51.72]: [33mFound multiple versions of Xcode in '/Applications/'[0m
2026-01-19T09:32:51.8777070Z 	from /Users/runner/work/IOS-Laughing-Drops/IOS-Laughing-Drops/vendor/bundle/ruby/3.3.0/gems/fastlane-2.231.0/gym/lib/gym/runner.rb:111:in `build_app'
2026-01-19T09:32:51.8785320Z WARN [2026-01-19 09:32:51.72]: [33mMake sure you selected the right version for your project[0m
2026-01-19T09:32:51.8865780Z 	from /Users/runner/work/IOS-Laughing-Drops/IOS-Laughing-Drops/vendor/bundle/ruby/3.3.0/gems/fastlane-2.231.0/gym/lib/gym/runner.rb:18:in `run'
2026-01-19T09:32:51.8868570Z WARN [2026-01-19 09:32:51.72]: [33mThis build process was executed using '/Applications/Xcode_16.3.app'[0m
2026-01-19T09:32:51.8978010Z 	from /Users/runner/work/IOS-Laughing-Drops/IOS-Laughing-Drops/vendor/bundle/ruby/3.3.0/gems/fastlane-2.231.0/gym/lib/gym/manager.rb:19:in `work'
2026-01-19T09:32:51.8979160Z WARN [2026-01-19 09:32:51.72]: [33mIf you want to update your Xcode path, either[0m
2026-01-19T09:32:51.9080760Z 	from /Users/runner/work/IOS-Laughing-Drops/IOS-Laughing-Drops/vendor/bundle/ruby/3.3.0/gems/fastlane-2.231.0/fastlane/lib/fastlane/actions/build_app.rb:68:in `run'
2026-01-19T09:32:51.9081530Z INFO [2026-01-19 09:32:51.72]: 
2026-01-19T09:32:51.9194200Z 	from /Users/runner/work/IOS-Laughing-Drops/IOS-Laughing-Drops/vendor/bundle/ruby/3.3.0/gems/fastlane-2.231.0/fastlane/lib/fastlane/runner.rb:263:in `block (2 levels) in execute_action'
2026-01-19T09:32:51.9198900Z INFO [2026-01-19 09:32:51.72]: - Specify the Xcode version in your Fastfile
2026-01-19T09:32:51.9288730Z 	from /Users/runner/work/IOS-Laughing-Drops/IOS-Laughing-Drops/vendor/bundle/ruby/3.3.0/gems/fastlane-2.231.0/fastlane/lib/fastlane/actions/actions_helper.rb:69:in `execute_action'
2026-01-19T09:32:51.9291660Z INFO [2026-01-19 09:32:51.72]: â–¸ [35mxcversion(version: "8.1") # Selects Xcode 8.1.0[0m
2026-01-19T09:32:51.9426870Z 	from /Users/runner/work/IOS-Laughing-Drops/IOS-Laughing-Drops/vendor/bundle/ruby/3.3.0/gems/fastlane-2.231.0/fastlane/lib/fastlane/runner.rb:255:in `block in execute_action'
2026-01-19T09:32:51.9530100Z 	from /Users/runner/work/IOS-Laughing-Drops/IOS-Laughing-Drops/vendor/bundle/ruby/3.3.0/gems/fastlane-2.231.0/fastlane/lib/fastlane/runner.rb:229:in `chdir'
2026-01-19T09:32:51.9530840Z INFO [2026-01-19 09:32:51.72]: 
2026-01-19T09:32:51.9538070Z INFO [2026-01-19 09:32:51.72]: - Specify an absolute path to your Xcode installation in your Fastfile
2026-01-19T09:32:51.9636170Z 	from /Users/runner/work/IOS-Laughing-Drops/IOS-Laughing-Drops/vendor/bundle/ruby/3.3.0/gems/fastlane-2.231.0/fastlane/lib/fastlane/runner.rb:229:in `execute_action'
2026-01-19T09:32:51.9637610Z INFO [2026-01-19 09:32:51.72]: â–¸ [35mxcode_select "/Applications/Xcode8.app"[0m
2026-01-19T09:32:51.9740080Z 	from /Users/runner/work/IOS-Laughing-Drops/IOS-Laughing-Drops/vendor/bundle/ruby/3.3.0/gems/fastlane-2.231.0/fastlane/lib/fastlane/runner.rb:157:in `trigger_action_by_name'
2026-01-19T09:32:51.9742150Z INFO [2026-01-19 09:32:51.72]: 
2026-01-19T09:32:51.9841490Z 	from /Users/runner/work/IOS-Laughing-Drops/IOS-Laughing-Drops/vendor/bundle/ruby/3.3.0/gems/fastlane-2.231.0/fastlane/lib/fastlane/fast_file.rb:159:in `method_missing'
2026-01-19T09:32:51.9842820Z INFO [2026-01-19 09:32:51.72]: - Manually update the path using
2026-01-19T09:32:51.9941610Z 	from Fastfile:66:in `block (2 levels) in parsing_binding'
2026-01-19T09:32:51.9942500Z INFO [2026-01-19 09:32:51.72]: â–¸ [35msudo xcode-select -s /Applications/Xcode.app[0m
2026-01-19T09:32:52.0044580Z 	from /Users/runner/work/IOS-Laughing-Drops/IOS-Laughing-Drops/vendor/bundle/ruby/3.3.0/gems/fastlane-2.231.0/fastlane/lib/fastlane/lane.rb:41:in `call'
2026-01-19T09:32:52.0045360Z INFO [2026-01-19 09:32:51.72]: 
2026-01-19T09:32:52.0161460Z 	from /Users/runner/work/IOS-Laughing-Drops/IOS-Laughing-Drops/vendor/bundle/ruby/3.3.0/gems/fastlane-2.231.0/fastlane/lib/fastlane/runner.rb:49:in `block in execute'
2026-01-19T09:32:52.0163110Z 
2026-01-19T09:32:52.0278430Z 	from /Users/runner/work/IOS-Laughing-Drops/IOS-Laughing-Drops/vendor/bundle/ruby/3.3.0/gems/fastlane-2.231.0/fastlane/lib/fastlane/runner.rb:45:in `chdir'
2026-01-19T09:32:52.0280250Z +----------------------------------------------+
2026-01-19T09:32:52.0380000Z 	from /Users/runner/work/IOS-Laughing-Drops/IOS-Laughing-Drops/vendor/bundle/ruby/3.3.0/gems/fastlane-2.231.0/fastlane/lib/fastlane/runner.rb:45:in `execute'
2026-01-19T09:32:52.0380980Z |              [32m[33mBuild environment[0m               |
2026-01-19T09:32:52.0515070Z 	from /Users/runner/work/IOS-Laughing-Drops/IOS-Laughing-Drops/vendor/bundle/ruby/3.3.0/gems/fastlane-2.231.0/fastlane/lib/fastlane/lane_manager.rb:46:in `cruise_lane'
2026-01-19T09:32:52.0516980Z +---------------+------------------------------+
2026-01-19T09:32:52.0625320Z 	from /Users/runner/work/IOS-Laughing-Drops/IOS-Laughing-Drops/vendor/bundle/ruby/3.3.0/gems/fastlane-2.231.0/fastlane/lib/fastlane/command_line_handler.rb:34:in `handle'
2026-01-19T09:32:52.0626120Z | xcode_path    | /Applications/Xcode_16.3.app |
2026-01-19T09:32:52.0759970Z 	from /Users/runner/work/IOS-Laughing-Drops/IOS-Laughing-Drops/vendor/bundle/ruby/3.3.0/gems/fastlane-2.231.0/fastlane/lib/fastlane/commands_generator.rb:110:in `block (2 levels) in run'
2026-01-19T09:32:52.0760890Z | gym_version   | 2.231.0                      |
2026-01-19T09:32:52.0761690Z 	from /Users/runner/work/IOS-Laughing-Drops/IOS-Laughing-Drops/vendor/bundle/ruby/3.3.0/gems/commander-4.6.0/lib/commander/command.rb:187:in `call'
2026-01-19T09:32:52.0860660Z | export_method | app-store                    |
2026-01-19T09:32:52.0882190Z 	from /Users/runner/work/IOS-Laughing-Drops/IOS-Laughing-Drops/vendor/bundle/ruby/3.3.0/gems/commander-4.6.0/lib/commander/command.rb:157:in `run'
2026-01-19T09:32:52.0964680Z | sdk           | iPhoneOS18.4.sdk             |
2026-01-19T09:32:52.0991070Z 	from /Users/runner/work/IOS-Laughing-Drops/IOS-Laughing-Drops/vendor/bundle/ruby/3.3.0/gems/commander-4.6.0/lib/commander/runner.rb:444:in `run_active_command'
2026-01-19T09:32:52.1079370Z +---------------+------------------------------+
2026-01-19T09:32:52.1111440Z 	from /Users/runner/work/IOS-Laughing-Drops/IOS-Laughing-Drops/vendor/bundle/ruby/3.3.0/gems/fastlane-2.231.0/fastlane_core/lib/fastlane_core/ui/fastlane_runner.rb:124:in `run!'
2026-01-19T09:32:52.1112210Z 
2026-01-19T09:32:52.1223540Z 	from /Users/runner/work/IOS-Laughing-Drops/IOS-Laughing-Drops/vendor/bundle/ruby/3.3.0/gems/commander-4.6.0/lib/commander/delegates.rb:18:in `run!'
2026-01-19T09:32:52.1226040Z INFO [2026-01-19 09:32:51.76]: â–¸ [35m    cd /Users/runner/work/IOS-Laughing-Drops/IOS-Laughing-Drops[0m
2026-01-19T09:32:52.1336650Z 	from /Users/runner/work/IOS-Laughing-Drops/IOS-Laughing-Drops/vendor/bundle/ruby/3.3.0/gems/fastlane-2.231.0/fastlane/lib/fastlane/commands_generator.rb:363:in `run'
2026-01-19T09:32:52.1360500Z INFO [2026-01-19 09:32:51.76]: â–¸ [35m    builtin-Swift-Compilation -- /Applications/Xcode_16.3.app/Contents/Developer/Toolchains/XcodeDefault.xctoolchain/usr/bin/swiftc -module-name LaughingDrops -O -whole-module-optimization -enforce-exclusivity\=checked @/Users/runner/Library/Developer/Xcode/DerivedData/LaughingDrops-argujkggthgbhnhjapouggmpqonk/Build/Intermediates.noindex/ArchiveIntermediates/LaughingDrops/IntermediateBuildFilesPath/LaughingDrops.build/Release-iphoneos/LaughingDrops.build/Objects-normal/arm64/LaughingDrops.SwiftFileList -enable-bare-slash-regex -enable-experimental-feature DebugDescriptionMacro -sdk /Applications/Xcode_16.3.app/Contents/Developer/Platforms/iPhoneOS.platform/Developer/SDKs/iPhoneOS18.4.sdk -target arm64-apple-ios18.1 -g -module-cache-path /Users/runner/Library/Developer/Xcode/DerivedData/ModuleCache.noindex -Xfrontend -serialize-debugging-options -swift-version 5 -I /Users/runner/Library/Developer/Xcode/DerivedData/LaughingDrops-argujkggthgbhnhjapouggmpqonk/Build/Intermediates.noindex/ArchiveIntermediates/LaughingDrops/BuildProductsPath/Release-iphoneos -F /Users/runner/Library/Developer/Xcode/DerivedData/LaughingDrops-argujkggthgbhnhjapouggmpqonk/Build/Intermediates.noindex/ArchiveIntermediates/LaughingDrops/BuildProductsPath/Release-iphoneos -emit-localized-strings -emit-localized-strings-path /Users/runner/Library/Developer/Xcode/DerivedData/LaughingDrops-argujkggthgbhnhjapouggmpqonk/Build/Intermediates.noindex/ArchiveIntermediates/LaughingDrops/IntermediateBuildFilesPath/LaughingDrops.build/Release-iphoneos/LaughingDrops.build/Objects-normal/arm64 -c -num-threads 3 -Xcc -ivfsstatcache -Xcc /Users/runner/Library/Developer/Xcode/DerivedData/SDKStatCaches.noindex/iphoneos18.4-22E235-9fa6283f91586db2e4c97dfaab089ebc.sdkstatcache -output-file-map /Users/runner/Library/Developer/Xcode/DerivedData/LaughingDrops-argujkggthgbhnhjapouggmpqonk/Build/Intermediates.noindex/ArchiveIntermediates/LaughingDrops/IntermediateBuildFilesPath/LaughingDrops.build/Release-iphoneos/LaughingDrops.build/Objects-normal/arm64/LaughingDrops-OutputFileMap.json -use-frontend-parseable-output -save-temps -no-color-diagnostics -serialize-diagnostics -emit-dependencies -emit-module -emit-module-path /Users/runner/Library/Developer/Xcode/DerivedData/LaughingDrops-argujkggthgbhnhjapouggmpqonk/Build/Intermediates.noindex/ArchiveIntermediates/LaughingDrops/IntermediateBuildFilesPath/LaughingDrops.build/Release-iphoneos/LaughingDrops.build/Objects-normal/arm64/LaughingDrops.swiftmodule -validate-clang-modules-once -clang-build-session-file /Users/runner/Library/Developer/Xcode/DerivedData/ModuleCache.noindex/Session.modulevalidation -Xcc -I/Users/runner/Library/Developer/Xcode/DerivedData/LaughingDrops-argujkggthgbhnhjapouggmpqonk/Build/Intermediates.noindex/ArchiveIntermediates/LaughingDrops/IntermediateBuildFilesPath/LaughingDrops.build/Release-iphoneos/LaughingDrops.build/swift-overrides.hmap -emit-const-values -Xfrontend -const-gather-protocols-file -Xfrontend /Users/runner/Library/Developer/Xcode/DerivedData/LaughingDrops-argujkggthgbhnhjapouggmpqonk/Build/Intermediates.noindex/ArchiveIntermediates/LaughingDrops/IntermediateBuildFilesPath/LaughingDrops.build/Release-iphoneos/LaughingDrops.build/Objects-normal/arm64/LaughingDrops_const_extract_protocols.json -Xcc -iquote -Xcc /Users/runner/Library/Developer/Xcode/DerivedData/LaughingDrops-argujkggthgbhnhjapouggmpqonk/Build/Intermediates.noindex/ArchiveIntermediates/LaughingDrops/IntermediateBuildFilesPath/LaughingDrops.build/Release-iphoneos/LaughingDrops.build/LaughingDrops-generated-files.hmap -Xcc -I/Users/runner/Library/Developer/Xcode/DerivedData/LaughingDrops-argujkggthgbhnhjapouggmpqonk/Build/Intermediates.noindex/ArchiveIntermediates/LaughingDrops/IntermediateBuildFilesPath/LaughingDrops.build/Release-iphoneos/LaughingDrops.build/LaughingDrops-own-target-headers.hmap -Xcc -I/Users/runner/Library/Developer/Xcode/DerivedData/LaughingDrops-argujkggthgbhnhjapouggmpqonk/Build/Intermediates.noindex/ArchiveIntermediates/LaughingDrops/IntermediateBuildFilesPath/LaughingDrops.build/Release-iphoneos/LaughingDrops.build/LaughingDrops-all-target-headers.hmap -Xcc -iquote -Xcc /Users/runner/Library/Developer/Xcode/DerivedData/LaughingDrops-argujkggthgbhnhjapouggmpqonk/Build/Intermediates.noindex/ArchiveIntermediates/LaughingDrops/IntermediateBuildFilesPath/LaughingDrops.build/Release-iphoneos/LaughingDrops.build/LaughingDrops-project-headers.hmap -Xcc -I/Users/runner/Library/Developer/Xcode/DerivedData/LaughingDrops-argujkggthgbhnhjapouggmpqonk/Build/Intermediates.noindex/ArchiveIntermediates/LaughingDrops/BuildProductsPath/Release-iphoneos/include -Xcc -I/Users/runner/Library/Developer/Xcode/DerivedData/LaughingDrops-argujkggthgbhnhjapouggmpqonk/Build/Intermediates.noindex/ArchiveIntermediates/LaughingDrops/IntermediateBuildFilesPath/LaughingDrops.build/Release-iphoneos/LaughingDrops.build/DerivedSources-normal/arm64 -Xcc -I/Users/runner/Library/Developer/Xcode/DerivedData/LaughingDrops-argujkggthgbhnhjapouggmpqonk/Build/Intermediates.noindex/ArchiveIntermediates/LaughingDrops/IntermediateBuildFilesPath/LaughingDrops.build/Release-iphoneos/LaughingDrops.build/DerivedSources/arm64 -Xcc -I/Users/runner/Library/Developer/Xcode/DerivedData/LaughingDrops-argujkggthgbhnhjapouggmpqonk/Build/Intermediates.noindex/ArchiveIntermediates/LaughingDrops/IntermediateBuildFilesPath/LaughingDrops.build/Release-iphoneos/LaughingDrops.build/DerivedSources -emit-objc-header -emit-objc-header-path /Users/runner/Library/Developer/Xcode/DerivedData/LaughingDrops-argujkggthgbhnhjapouggmpqonk/Build/Intermediates.noindex/ArchiveIntermediates/LaughingDrops/IntermediateBuildFilesPath/LaughingDrops.build/Release-iphoneos/LaughingDrops.build/Objects-normal/arm64/LaughingDrops-Swift.h -working-directory /Users/runner/work/IOS-Laughing-Drops/IOS-Laughing-Drops -no-emit-module-separately-wmo[0m
2026-01-19T09:32:52.1507390Z 	from /Users/runner/work/IOS-Laughing-Drops/IOS-Laughing-Drops/vendor/bundle/ruby/3.3.0/gems/fastlane-2.231.0/fastlane/lib/fastlane/commands_generator.rb:43:in `start'
2026-01-19T09:32:52.1510930Z INFO [2026-01-19 09:32:51.76]: â–¸ [35mnote: Disabling previews because SWIFT_VERSION is set and SWIFT_OPTIMIZATION_LEVEL=-O, expected -Onone (in target 'notifications' from project 'LaughingDrops')[0m
2026-01-19T09:32:52.1629390Z 	from /Users/runner/work/IOS-Laughing-Drops/IOS-Laughing-Drops/vendor/bundle/ruby/3.3.0/gems/fastlane-2.231.0/fastlane/lib/fastlane/cli_tools_distributor.rb:132:in `take_off'
2026-01-19T09:32:52.1631040Z INFO [2026-01-19 09:32:51.76]: â–¸ [35mnote: Disabling previews because SWIFT_VERSION is set and SWIFT_OPTIMIZATION_LEVEL=-O, expected -Onone (in target 'LaughingDrops' from project 'LaughingDrops')[0m
2026-01-19T09:32:52.1733500Z 	from /Users/runner/work/IOS-Laughing-Drops/IOS-Laughing-Drops/vendor/bundle/ruby/3.3.0/gems/fastlane-2.231.0/bin/fastlane:23:in `<top (required)>'
2026-01-19T09:32:52.1734250Z INFO [2026-01-19 09:32:51.76]: 
2026-01-19T09:32:52.1835790Z 	from /Users/runner/work/IOS-Laughing-Drops/IOS-Laughing-Drops/vendor/bundle/ruby/3.3.0/bin/fastlane:25:in `load'
2026-01-19T09:32:52.1837690Z ERROR [2026-01-19 09:32:51.76]: [31mâ¬†ï¸  Check out the few lines of raw `xcodebuild` output above for potential hints on how to solve this error[0m
2026-01-19T09:32:52.1939390Z 	from /Users/runner/work/IOS-Laughing-Drops/IOS-Laughing-Drops/vendor/bundle/ruby/3.3.0/bin/fastlane:25:in `<top (required)>'
2026-01-19T09:32:52.1940560Z WARN [2026-01-19 09:32:51.76]: [33mðŸ“‹  For the complete and more detailed error log, check the full log at:[0m
2026-01-19T09:32:52.2043290Z 	from /Users/runner/hostedtoolcache/Ruby/3.3.10/arm64/lib/ruby/3.3.0/bundler/cli/exec.rb:58:in `load'
2026-01-19T09:32:52.2045630Z WARN [2026-01-19 09:32:51.76]: [33mðŸ“‹  /Users/runner/Library/Logs/gym/LaughingDrops-LaughingDrops.log[0m
2026-01-19T09:32:52.2159270Z 	from /Users/runner/hostedtoolcache/Ruby/3.3.10/arm64/lib/ruby/3.3.0/bundler/cli/exec.rb:58:in `kernel_load'
2026-01-19T09:32:52.2163440Z INFO [2026-01-19 09:32:51.76]: 
2026-01-19T09:32:52.2273670Z 	from /Users/runner/hostedtoolcache/Ruby/3.3.10/arm64/lib/ruby/3.3.0/bundler/cli/exec.rb:23:in `run'
2026-01-19T09:32:52.2274780Z ERROR [2026-01-19 09:32:51.76]: [31mLooks like fastlane ran into a build/archive error with your project[0m
2026-01-19T09:32:52.2376420Z 	from /Users/runner/hostedtoolcache/Ruby/3.3.10/arm64/lib/ruby/3.3.0/bundler/cli.rb:455:in `exec'
2026-01-19T09:32:52.2377960Z ERROR [2026-01-19 09:32:51.76]: [31mIt's hard to tell what's causing the error, so we wrote some guides on how[0m
2026-01-19T09:32:52.2481230Z 	from /Users/runner/hostedtoolcache/Ruby/3.3.10/arm64/lib/ruby/3.3.0/bundler/vendor/thor/lib/thor/command.rb:28:in `run'
2026-01-19T09:32:52.2484030Z ERROR [2026-01-19 09:32:51.76]: [31mto troubleshoot build and signing issues: https://docs.fastlane.tools/codesigning/getting-started/[0m
2026-01-19T09:32:52.2587220Z 	from /Users/runner/hostedtoolcache/Ruby/3.3.10/arm64/lib/ruby/3.3.0/bundler/vendor/thor/lib/thor/invocation.rb:127:in `invoke_command'
2026-01-19T09:32:52.2588510Z ERROR [2026-01-19 09:32:51.76]: [31mBefore submitting an issue on GitHub, please follow the guide above and make[0m
2026-01-19T09:32:52.2638600Z 	from /Users/runner/hostedtoolcache/Ruby/3.3.10/arm64/lib/ruby/3.3.0/bundler/vendor/thor/lib/thor.rb:527:in `dispatch'
2026-01-19T09:32:52.2640820Z ERROR [2026-01-19 09:32:51.76]: [31msure your project is set up correctly.[0m
2026-01-19T09:32:52.2738720Z 	from /Users/runner/hostedtoolcache/Ruby/3.3.10/arm64/lib/ruby/3.3.0/bundler/cli.rb:35:in `dispatch'
2026-01-19T09:32:52.2739750Z ERROR [2026-01-19 09:32:51.76]: [31mfastlane uses `xcodebuild` commands to generate your binary, you can see the[0m
2026-01-19T09:32:52.2850470Z 	from /Users/runner/hostedtoolcache/Ruby/3.3.10/arm64/lib/ruby/3.3.0/bundler/vendor/thor/lib/thor/base.rb:584:in `start'
2026-01-19T09:32:52.2852810Z ERROR [2026-01-19 09:32:51.76]: [31mthe full commands printed out in yellow in the above log.[0m
2026-01-19T09:32:52.2956070Z 	from /Users/runner/hostedtoolcache/Ruby/3.3.10/arm64/lib/ruby/3.3.0/bundler/cli.rb:29:in `start'
2026-01-19T09:32:52.2957240Z ERROR [2026-01-19 09:32:51.76]: [31mMake sure to inspect the output above, as usually you'll find more error information there[0m
2026-01-19T09:32:52.3076560Z 	from /Users/runner/hostedtoolcache/Ruby/3.3.10/arm64/lib/ruby/gems/3.3.0/gems/bundler-2.5.22/exe/bundle:28:in `block in <top (required)>'
2026-01-19T09:32:52.3077260Z INFO [2026-01-19 09:32:51.76]: 
2026-01-19T09:32:52.3292110Z 	from /Users/runner/hostedtoolcache/Ruby/3.3.10/arm64/lib/ruby/3.3.0/bundler/friendly_errors.rb:117:in `with_friendly_errors'
2026-01-19T09:32:52.3293110Z WARN [2026-01-19 09:32:51.76]: [33m[33mLane Context:[0m
2026-01-19T09:32:52.3472730Z 	from /Users/runner/hostedtoolcache/Ruby/3.3.10/arm64/lib/ruby/gems/3.3.0/gems/bundler-2.5.22/exe/bundle:20:in `<top (required)>'
2026-01-19T09:32:52.3721680Z INFO [2026-01-19 09:32:51.76]: {:DEFAULT_PLATFORM=>:ios, :PLATFORM_NAME=>:ios, :LANE_NAME=>"ios build_upload_testflight", :BUILD_NUMBER=>"1.0.3", :KEYCHAIN_PATH=>"~/Library/Keychains/fastlane_tmp_keychain", :ORIGINAL_DEFAULT_KEYCHAIN=>"\"/Users/runner/Library/Keychains/login.keychain-db\"", :SIGH_PROFILE_TYPE=>"app-store", :MATCH_PROVISIONING_PROFILE_MAPPING=>{"com.med.laughingdrops"=>"match AppStore com.med.laughingdrops", "com.med.laughingdrops.notifications"=>"match AppStore com.med.laughingdrops.notifications"}}
2026-01-19T09:32:52.3749820Z 	from /Users/runner/hostedtoolcache/Ruby/3.3.10/arm64/bin/bundle:25:in `load'
2026-01-19T09:32:52.3754560Z ERROR [2026-01-19 09:32:51.76]: [31mCalled from Fastfile at line 66[0m
2026-01-19T09:32:52.3977140Z 	from /Users/runner/hostedtoolcache/Ruby/3.3.10/arm64/bin/bundle:25:in `<main>'
2026-01-19T09:32:52.3978980Z ERROR [2026-01-19 09:32:51.77]: [31m```[0m
2026-01-19T09:32:52.4096760Z /Users/runner/work/IOS-Laughing-Drops/IOS-Laughing-Drops/vendor/bundle/ruby/3.3.0/gems/fastlane-2.231.0/fastlane_core/lib/fastlane_core/ui/interface.rb:163:in `build_failure!': Error building the application - see the log above (FastlaneCore::Interface::FastlaneBuildFailure)
2026-01-19T09:32:52.4108200Z ERROR [2026-01-19 09:32:51.77]: [31m    64:	        profile_name: "match AppStore #{ENV["BUNDLE_IDENTIFIER"]}.notifications",        [0m
2026-01-19T09:32:52.4211240Z 	from /Users/runner/work/IOS-Laughing-Drops/IOS-Laughing-Drops/vendor/bundle/ruby/3.3.0/gems/fastlane-2.231.0/fastlane_core/lib/fastlane_core/ui/ui.rb:17:in `method_missing'
2026-01-19T09:32:52.4212310Z ERROR [2026-01-19 09:32:51.77]: [31m    65:	      ) [0m
2026-01-19T09:32:52.4314840Z 	from /Users/runner/work/IOS-Laughing-Drops/IOS-Laughing-Drops/vendor/bundle/ruby/3.3.0/gems/fastlane-2.231.0/gym/lib/gym/error_handler.rb:73:in `handle_build_error'
2026-01-19T09:32:52.4315910Z ERROR [2026-01-19 09:32:51.77]: [31m => 66:	      build_app([0m
2026-01-19T09:32:52.4421690Z 	from /Users/runner/work/IOS-Laughing-Drops/IOS-Laughing-Drops/vendor/bundle/ruby/3.3.0/gems/fastlane-2.231.0/gym/lib/gym/runner.rb:115:in `block in build_app'
2026-01-19T09:32:52.4445160Z ERROR [2026-01-19 09:32:51.77]: [31m    67:	        scheme: ENV["XC_TARGET_NAME"],[0m
2026-01-19T09:32:52.4446430Z 	from /Users/runner/work/IOS-Laughing-Drops/IOS-Laughing-Drops/vendor/bundle/ruby/3.3.0/gems/fastlane-2.231.0/fastlane_core/lib/fastlane_core/command_executor.rb:86:in `execute'
2026-01-19T09:32:52.4472760Z ERROR [2026-01-19 09:32:51.77]: [31m    68:	        xcargs: "-allowProvisioningUpdates",[0m
2026-01-19T09:32:52.4575500Z 	from /Users/runner/work/IOS-Laughing-Drops/IOS-Laughing-Drops/vendor/bundle/ruby/3.3.0/gems/fastlane-2.231.0/gym/lib/gym/runner.rb:111:in `build_app'
2026-01-19T09:32:52.4576570Z ERROR [2026-01-19 09:32:51.77]: [31m```[0m
2026-01-19T09:32:52.4728000Z 	from /Users/runner/work/IOS-Laughing-Drops/IOS-Laughing-Drops/vendor/bundle/ruby/3.3.0/gems/fastlane-2.231.0/gym/lib/gym/runner.rb:18:in `run'
2026-01-19T09:32:52.4731010Z ERROR [2026-01-19 09:32:51.77]: [31mError building the application - see the log above[0m
2026-01-19T09:32:52.4833490Z 	from /Users/runner/work/IOS-Laughing-Drops/IOS-Laughing-Drops/vendor/bundle/ruby/3.3.0/gems/fastlane-2.231.0/gym/lib/gym/manager.rb:19:in `work'
2026-01-19T09:32:52.4834820Z INFO [2026-01-19 09:32:51.77]: [32mSuccessfully generated documentation at path '/Users/runner/work/IOS-Laughing-Drops/IOS-Laughing-Drops/fastlane/README.md'[0m
2026-01-19T09:32:52.4960330Z 	from /Users/runner/work/IOS-Laughing-Drops/IOS-Laughing-Drops/vendor/bundle/ruby/3.3.0/gems/fastlane-2.231.0/fastlane/lib/fastlane/actions/build_app.rb:68:in `run'
2026-01-19T09:32:52.4961040Z 
2026-01-19T09:32:52.5287720Z 	from /Users/runner/work/IOS-Laughing-Drops/IOS-Laughing-Drops/vendor/bundle/ruby/3.3.0/gems/fastlane-2.231.0/fastlane/lib/fastlane/runner.rb:263:in `block (2 levels) in execute_action'
2026-01-19T09:32:52.5289930Z +------------------------------------------------------------------------------------+
2026-01-19T09:32:52.5291780Z 	from /Users/runner/work/IOS-Laughing-Drops/IOS-Laughing-Drops/vendor/bundle/ruby/3.3.0/gems/fastlane-2.231.0/fastlane/lib/fastlane/actions/actions_helper.rb:69:in `execute_action'
2026-01-19T09:32:52.5295470Z |                                  [32mfastlane summary[0m                                  |
2026-01-19T09:32:52.5405810Z 	from /Users/runner/work/IOS-Laughing-Drops/IOS-Laughing-Drops/vendor/bundle/ruby/3.3.0/gems/fastlane-2.231.0/fastlane/lib/fastlane/runner.rb:255:in `block in execute_action'
2026-01-19T09:32:52.5406700Z +------+---------------------------------------------------------------+-------------+
2026-01-19T09:32:52.5531860Z 	from /Users/runner/work/IOS-Laughing-Drops/IOS-Laughing-Drops/vendor/bundle/ruby/3.3.0/gems/fastlane-2.231.0/fastlane/lib/fastlane/runner.rb:229:in `chdir'
2026-01-19T09:32:52.5533930Z | Step | Action                                                        | Time (in s) |
2026-01-19T09:32:52.5651450Z 	from /Users/runner/work/IOS-Laughing-Drops/IOS-Laughing-Drops/vendor/bundle/ruby/3.3.0/gems/fastlane-2.231.0/fastlane/lib/fastlane/runner.rb:229:in `execute_action'
2026-01-19T09:32:52.5653590Z +------+---------------------------------------------------------------+-------------+
2026-01-19T09:32:52.5762930Z 	from /Users/runner/work/IOS-Laughing-Drops/IOS-Laughing-Drops/vendor/bundle/ruby/3.3.0/gems/fastlane-2.231.0/fastlane/lib/fastlane/runner.rb:157:in `trigger_action_by_name'
2026-01-19T09:32:52.5763890Z | 1    | default_platform                                              | 0           |
2026-01-19T09:32:52.5868880Z 	from /Users/runner/work/IOS-Laughing-Drops/IOS-Laughing-Drops/vendor/bundle/ruby/3.3.0/gems/fastlane-2.231.0/fastlane/lib/fastlane/fast_file.rb:159:in `method_missing'
2026-01-19T09:32:52.5871110Z | 2    | increment_build_number                                        | 3           |
2026-01-19T09:32:52.5977460Z 	from Fastfile:66:in `block (2 levels) in parsing_binding'
2026-01-19T09:32:52.5978020Z | 3    | Switch to ios load_asc_api_key lane                           | 0           |
2026-01-19T09:32:52.6403830Z 	from /Users/runner/work/IOS-Laughing-Drops/IOS-Laughing-Drops/vendor/bundle/ruby/3.3.0/gems/fastlane-2.231.0/fastlane/lib/fastlane/lane.rb:41:in `call'
2026-01-19T09:32:52.6404670Z | 4    | app_store_connect_api_key                                     | 0           |
2026-01-19T09:32:52.6507840Z 	from /Users/runner/work/IOS-Laughing-Drops/IOS-Laughing-Drops/vendor/bundle/ruby/3.3.0/gems/fastlane-2.231.0/fastlane/lib/fastlane/runner.rb:49:in `block in execute'
2026-01-19T09:32:52.6509830Z | 5    | setup_ci                                                      | 0           |
2026-01-19T09:32:52.7289750Z 	from /Users/runner/work/IOS-Laughing-Drops/IOS-Laughing-Drops/vendor/bundle/ruby/3.3.0/gems/fastlane-2.231.0/fastlane/lib/fastlane/runner.rb:45:in `chdir'
2026-01-19T09:32:52.7361590Z | 6    | match                                                         | 7           |
2026-01-19T09:32:52.7478450Z 	from /Users/runner/work/IOS-Laughing-Drops/IOS-Laughing-Drops/vendor/bundle/ruby/3.3.0/gems/fastlane-2.231.0/fastlane/lib/fastlane/runner.rb:45:in `execute'
2026-01-19T09:32:52.7479660Z | 7    | Switch to ios list_profiles lane                              | 0           |
2026-01-19T09:32:52.7583590Z 	from /Users/runner/work/IOS-Laughing-Drops/IOS-Laughing-Drops/vendor/bundle/ruby/3.3.0/gems/fastlane-2.231.0/fastlane/lib/fastlane/lane_manager.rb:46:in `cruise_lane'
2026-01-19T09:32:52.7584370Z | 8    | security find-identity -v -p codesigning                      | 0           |
2026-01-19T09:32:52.7688880Z 	from /Users/runner/work/IOS-Laughing-Drops/IOS-Laughing-Drops/vendor/bundle/ruby/3.3.0/gems/fastlane-2.231.0/fastlane/lib/fastlane/command_line_handler.rb:34:in `handle'
2026-01-19T09:32:52.7689750Z | 9    | sync_code_signing                                             | 1           |
2026-01-19T09:32:52.7972610Z 	from /Users/runner/work/IOS-Laughing-Drops/IOS-Laughing-Drops/vendor/bundle/ruby/3.3.0/gems/fastlane-2.231.0/fastlane/lib/fastlane/commands_generator.rb:110:in `block (2 levels) in run'
2026-01-19T09:32:52.7975330Z | 10   | security find-identity -v -p codesigning | grep 'Apple Distri | 0           |
2026-01-19T09:32:52.8198910Z 	from /Users/runner/work/IOS-Laughing-Drops/IOS-Laughing-Drops/vendor/bundle/ruby/3.3.0/gems/commander-4.6.0/lib/commander/command.rb:187:in `call'
2026-01-19T09:32:52.8200910Z | 11   | update_code_signing_settings                                  | 0           |
2026-01-19T09:32:52.8304700Z 	from /Users/runner/work/IOS-Laughing-Drops/IOS-Laughing-Drops/vendor/bundle/ruby/3.3.0/gems/commander-4.6.0/lib/commander/command.rb:157:in `run'
2026-01-19T09:32:52.8306680Z | 12   | update_code_signing_settings                                  | 0           |
2026-01-19T09:32:52.8308750Z 	from /Users/runner/work/IOS-Laughing-Drops/IOS-Laughing-Drops/vendor/bundle/ruby/3.3.0/gems/commander-4.6.0/lib/commander/runner.rb:444:in `run_active_command'
2026-01-19T09:32:52.8311300Z | ðŸ’¥   | [31mbuild_app[0m                                                     | 40          |
2026-01-19T09:32:52.8414580Z 	from /Users/runner/work/IOS-Laughing-Drops/IOS-Laughing-Drops/vendor/bundle/ruby/3.3.0/gems/fastlane-2.231.0/fastlane_core/lib/fastlane_core/ui/fastlane_runner.rb:124:in `run!'
2026-01-19T09:32:52.8416740Z +------+---------------------------------------------------------------+-------------+
2026-01-19T09:32:52.8527020Z 	from /Users/runner/work/IOS-Laughing-Drops/IOS-Laughing-Drops/vendor/bundle/ruby/3.3.0/gems/commander-4.6.0/lib/commander/delegates.rb:18:in `run!'
2026-01-19T09:32:52.8527650Z 
2026-01-19T09:32:52.8629450Z 	from /Users/runner/work/IOS-Laughing-Drops/IOS-Laughing-Drops/vendor/bundle/ruby/3.3.0/gems/fastlane-2.231.0/fastlane/lib/fastlane/commands_generator.rb:363:in `run'
2026-01-19T09:32:52.8630270Z DEBUG [2026-01-19 09:32:51.80]: All plugins are up to date
2026-01-19T09:32:52.8739950Z 	from /Users/runner/work/IOS-Laughing-Drops/IOS-Laughing-Drops/vendor/bundle/ruby/3.3.0/gems/fastlane-2.231.0/fastlane/lib/fastlane/commands_generator.rb:43:in `start'
2026-01-19T09:32:52.8767690Z ERROR [2026-01-19 09:32:51.80]: [31mfastlane finished with errors[0m
2026-01-19T09:32:52.8856980Z 	from /Users/runner/work/IOS-Laughing-Drops/IOS-Laughing-Drops/vendor/bundle/ruby/3.3.0/gems/fastlane-2.231.0/fastlane/lib/fastlane/cli_tools_distributor.rb:132:in `take_off'
2026-01-19T09:32:52.8871450Z DEBUG [2026-01-19 09:32:51.80]: All plugins are up to date
2026-01-19T09:32:52.8959120Z 	from /Users/runner/work/IOS-Laughing-Drops/IOS-Laughing-Drops/vendor/bundle/ruby/3.3.0/gems/fastlane-2.231.0/bin/fastlane:23:in `<top (required)>'
2026-01-19T09:32:52.9061010Z 	from /Users/runner/work/IOS-Laughing-Drops/IOS-Laughing-Drops/vendor/bundle/ruby/3.3.0/bin/fastlane:25:in `load'
2026-01-19T09:32:52.9167180Z 	from /Users/runner/work/IOS-Laughing-Drops/IOS-Laughing-Drops/vendor/bundle/ruby/3.3.0/bin/fastlane:25:in `<top (required)>'
2026-01-19T09:32:52.9268910Z 	from /Users/runner/hostedtoolcache/Ruby/3.3.10/arm64/lib/ruby/3.3.0/bundler/cli/exec.rb:58:in `load'
2026-01-19T09:32:52.9370580Z 	from /Users/runner/hostedtoolcache/Ruby/3.3.10/arm64/lib/ruby/3.3.0/bundler/cli/exec.rb:58:in `kernel_load'
2026-01-19T09:32:52.9470910Z 	from /Users/runner/hostedtoolcache/Ruby/3.3.10/arm64/lib/ruby/3.3.0/bundler/cli/exec.rb:23:in `run'
2026-01-19T09:32:52.9575040Z 	from /Users/runner/hostedtoolcache/Ruby/3.3.10/arm64/lib/ruby/3.3.0/bundler/cli.rb:455:in `exec'
2026-01-19T09:32:52.9676780Z 	from /Users/runner/hostedtoolcache/Ruby/3.3.10/arm64/lib/ruby/3.3.0/bundler/vendor/thor/lib/thor/command.rb:28:in `run'
2026-01-19T09:32:52.9787860Z 	from /Users/runner/hostedtoolcache/Ruby/3.3.10/arm64/lib/ruby/3.3.0/bundler/vendor/thor/lib/thor/invocation.rb:127:in `invoke_command'
2026-01-19T09:32:52.9897280Z 	from /Users/runner/hostedtoolcache/Ruby/3.3.10/arm64/lib/ruby/3.3.0/bundler/vendor/thor/lib/thor.rb:527:in `dispatch'
2026-01-19T09:32:53.0001610Z 	from /Users/runner/hostedtoolcache/Ruby/3.3.10/arm64/lib/ruby/3.3.0/bundler/cli.rb:35:in `dispatch'
2026-01-19T09:32:53.0105200Z 	from /Users/runner/hostedtoolcache/Ruby/3.3.10/arm64/lib/ruby/3.3.0/bundler/vendor/thor/lib/thor/base.rb:584:in `start'
2026-01-19T09:32:53.0226130Z 	from /Users/runner/hostedtoolcache/Ruby/3.3.10/arm64/lib/ruby/3.3.0/bundler/cli.rb:29:in `start'
2026-01-19T09:32:53.0319420Z 	from /Users/runner/hostedtoolcache/Ruby/3.3.10/arm64/lib/ruby/gems/3.3.0/gems/bundler-2.5.22/exe/bundle:28:in `block in <top (required)>'
2026-01-19T09:32:53.0431730Z 	from /Users/runner/hostedtoolcache/Ruby/3.3.10/arm64/lib/ruby/3.3.0/bundler/friendly_errors.rb:117:in `with_friendly_errors'
2026-01-19T09:32:53.0552440Z 	from /Users/runner/hostedtoolcache/Ruby/3.3.10/arm64/lib/ruby/gems/3.3.0/gems/bundler-2.5.22/exe/bundle:20:in `<top (required)>'
2026-01-19T09:32:53.0656200Z 	from /Users/runner/hostedtoolcache/Ruby/3.3.10/arm64/bin/bundle:25:in `load'
2026-01-19T09:32:53.0759100Z 	from /Users/runner/hostedtoolcache/Ruby/3.3.10/arm64/bin/bundle:25:in `<main>'
2026-01-19T09:32:53.0854580Z ##[error]Process completed with exit code 1.
2026-01-19T09:32:53.0996180Z Post job cleanup.
2026-01-19T09:32:53.8655880Z [command]/opt/homebrew/bin/git version
2026-01-19T09:32:53.9070820Z git version 2.52.0
2026-01-19T09:32:53.9620000Z Copying '/Users/runner/.gitconfig' to '/Users/runner/work/_temp/93024589-5d36-4e10-b618-6587154cdd61/.gitconfig'
2026-01-19T09:32:53.9736280Z Temporarily overriding HOME='/Users/runner/work/_temp/93024589-5d36-4e10-b618-6587154cdd61' before making global git config changes
2026-01-19T09:32:53.9854310Z Adding repository directory to the temporary git global config as a safe directory
2026-01-19T09:32:53.9980850Z [command]/opt/homebrew/bin/git config --global --add safe.directory /Users/runner/work/IOS-Laughing-Drops/IOS-Laughing-Drops
2026-01-19T09:32:54.0286860Z [command]/opt/homebrew/bin/git config --local --name-only --get-regexp core\.sshCommand
2026-01-19T09:32:54.0592280Z [command]/opt/homebrew/bin/git submodule foreach --recursive sh -c "git config --local --name-only --get-regexp 'core\.sshCommand' && git config --local --unset-all 'core.sshCommand' || :"
2026-01-19T09:32:54.2863140Z [command]/opt/homebrew/bin/git config --local --name-only --get-regexp http\.https\:\/\/github\.com\/\.extraheader
2026-01-19T09:32:54.2977370Z http.https://github.com/.extraheader
2026-01-19T09:32:54.3368760Z [command]/opt/homebrew/bin/git config --local --unset-all http.https://github.com/.extraheader
2026-01-19T09:32:54.3687230Z [command]/opt/homebrew/bin/git submodule foreach --recursive sh -c "git config --local --name-only --get-regexp 'http\.https\:\/\/github\.com\/\.extraheader' && git config --local --unset-all 'http.https://github.com/.extraheader' || :"
2026-01-19T09:32:54.5691520Z [command]/opt/homebrew/bin/git config --local --name-only --get-regexp ^includeIf\.gitdir:
2026-01-19T09:32:54.5995240Z [command]/opt/homebrew/bin/git submodule foreach --recursive git config --local --show-origin --name-only --get-regexp remote.origin.url
2026-01-19T09:32:54.7722980Z Cleaning up orphan processes
2026-01-19T09:32:56.1749130Z Terminate orphan process: pid (1928) (ibtoold)
2026-01-19T09:32:56.2952010Z Terminate orphan process: pid (1802) (ibtoold)
